Archive member included to satisfy reference by file (symbol)

e:/st/stm32cubeide_1.4.0/stm32cubeide/plugins/com.st.stm32cube.ide.mcu.externaltools.gnu-tools-for-stm32.10.3-2021.10.win32_1.0.0.202111181127/tools/bin/../lib/gcc/arm-none-eabi/10.3.1/../../../../arm-none-eabi/lib/thumb/v7e-m+fp/hard\libc_nano.a(lib_a-errno.o)
                              ./Core/Src/syscalls.o (__errno)
e:/st/stm32cubeide_1.4.0/stm32cubeide/plugins/com.st.stm32cube.ide.mcu.externaltools.gnu-tools-for-stm32.10.3-2021.10.win32_1.0.0.202111181127/tools/bin/../lib/gcc/arm-none-eabi/10.3.1/../../../../arm-none-eabi/lib/thumb/v7e-m+fp/hard\libc_nano.a(lib_a-exit.o)
                              e:/st/stm32cubeide_1.4.0/stm32cubeide/plugins/com.st.stm32cube.ide.mcu.externaltools.gnu-tools-for-stm32.10.3-2021.10.win32_1.0.0.202111181127/tools/bin/../lib/gcc/arm-none-eabi/10.3.1/../../../../arm-none-eabi/lib/thumb/v7e-m+fp/hard/crt0.o (exit)
e:/st/stm32cubeide_1.4.0/stm32cubeide/plugins/com.st.stm32cube.ide.mcu.externaltools.gnu-tools-for-stm32.10.3-2021.10.win32_1.0.0.202111181127/tools/bin/../lib/gcc/arm-none-eabi/10.3.1/../../../../arm-none-eabi/lib/thumb/v7e-m+fp/hard\libc_nano.a(lib_a-impure.o)
                              e:/st/stm32cubeide_1.4.0/stm32cubeide/plugins/com.st.stm32cube.ide.mcu.externaltools.gnu-tools-for-stm32.10.3-2021.10.win32_1.0.0.202111181127/tools/bin/../lib/gcc/arm-none-eabi/10.3.1/../../../../arm-none-eabi/lib/thumb/v7e-m+fp/hard\libc_nano.a(lib_a-exit.o) (_global_impure_ptr)
e:/st/stm32cubeide_1.4.0/stm32cubeide/plugins/com.st.stm32cube.ide.mcu.externaltools.gnu-tools-for-stm32.10.3-2021.10.win32_1.0.0.202111181127/tools/bin/../lib/gcc/arm-none-eabi/10.3.1/../../../../arm-none-eabi/lib/thumb/v7e-m+fp/hard\libc_nano.a(lib_a-init.o)
                              e:/st/stm32cubeide_1.4.0/stm32cubeide/plugins/com.st.stm32cube.ide.mcu.externaltools.gnu-tools-for-stm32.10.3-2021.10.win32_1.0.0.202111181127/tools/bin/../lib/gcc/arm-none-eabi/10.3.1/../../../../arm-none-eabi/lib/thumb/v7e-m+fp/hard/crt0.o (__libc_init_array)
e:/st/stm32cubeide_1.4.0/stm32cubeide/plugins/com.st.stm32cube.ide.mcu.externaltools.gnu-tools-for-stm32.10.3-2021.10.win32_1.0.0.202111181127/tools/bin/../lib/gcc/arm-none-eabi/10.3.1/../../../../arm-none-eabi/lib/thumb/v7e-m+fp/hard\libc_nano.a(lib_a-memcpy-stub.o)
                              ./Core/Src/IMU50.o (memcpy)
e:/st/stm32cubeide_1.4.0/stm32cubeide/plugins/com.st.stm32cube.ide.mcu.externaltools.gnu-tools-for-stm32.10.3-2021.10.win32_1.0.0.202111181127/tools/bin/../lib/gcc/arm-none-eabi/10.3.1/../../../../arm-none-eabi/lib/thumb/v7e-m+fp/hard\libc_nano.a(lib_a-memset.o)
                              e:/st/stm32cubeide_1.4.0/stm32cubeide/plugins/com.st.stm32cube.ide.mcu.externaltools.gnu-tools-for-stm32.10.3-2021.10.win32_1.0.0.202111181127/tools/bin/../lib/gcc/arm-none-eabi/10.3.1/../../../../arm-none-eabi/lib/thumb/v7e-m+fp/hard/crt0.o (memset)
e:/st/stm32cubeide_1.4.0/stm32cubeide/plugins/com.st.stm32cube.ide.mcu.externaltools.gnu-tools-for-stm32.10.3-2021.10.win32_1.0.0.202111181127/tools/bin/../lib/gcc/arm-none-eabi/10.3.1/thumb/v7e-m+fp/hard\libgcc.a(_arm_muldf3.o)
                              ./Core/Src/IMU50.o (__aeabi_dmul)
e:/st/stm32cubeide_1.4.0/stm32cubeide/plugins/com.st.stm32cube.ide.mcu.externaltools.gnu-tools-for-stm32.10.3-2021.10.win32_1.0.0.202111181127/tools/bin/../lib/gcc/arm-none-eabi/10.3.1/thumb/v7e-m+fp/hard\libgcc.a(_arm_addsubdf3.o)
                              ./Core/Src/IMU50.o (__aeabi_dadd)
e:/st/stm32cubeide_1.4.0/stm32cubeide/plugins/com.st.stm32cube.ide.mcu.externaltools.gnu-tools-for-stm32.10.3-2021.10.win32_1.0.0.202111181127/tools/bin/../lib/gcc/arm-none-eabi/10.3.1/thumb/v7e-m+fp/hard\libgcc.a(_arm_truncdfsf2.o)
                              ./Core/Src/IMU50.o (__aeabi_d2f)
e:/st/stm32cubeide_1.4.0/stm32cubeide/plugins/com.st.stm32cube.ide.mcu.externaltools.gnu-tools-for-stm32.10.3-2021.10.win32_1.0.0.202111181127/tools/bin/../lib/gcc/arm-none-eabi/10.3.1/thumb/v7e-m+fp/hard\libgcc.a(_aeabi_uldivmod.o)
                              ./Drivers/STM32F4xx_HAL_Driver/Src/stm32f4xx_hal_rcc.o (__aeabi_uldivmod)
e:/st/stm32cubeide_1.4.0/stm32cubeide/plugins/com.st.stm32cube.ide.mcu.externaltools.gnu-tools-for-stm32.10.3-2021.10.win32_1.0.0.202111181127/tools/bin/../lib/gcc/arm-none-eabi/10.3.1/thumb/v7e-m+fp/hard\libgcc.a(_udivmoddi4.o)
                              e:/st/stm32cubeide_1.4.0/stm32cubeide/plugins/com.st.stm32cube.ide.mcu.externaltools.gnu-tools-for-stm32.10.3-2021.10.win32_1.0.0.202111181127/tools/bin/../lib/gcc/arm-none-eabi/10.3.1/thumb/v7e-m+fp/hard\libgcc.a(_aeabi_uldivmod.o) (__udivmoddi4)
e:/st/stm32cubeide_1.4.0/stm32cubeide/plugins/com.st.stm32cube.ide.mcu.externaltools.gnu-tools-for-stm32.10.3-2021.10.win32_1.0.0.202111181127/tools/bin/../lib/gcc/arm-none-eabi/10.3.1/thumb/v7e-m+fp/hard\libgcc.a(_dvmd_tls.o)
[...]
Memory Configuration

Name             Origin             Length             Attributes
RAM              0x0000000020000000 0x0000000000020000 xrw
FLASH            0x0000000008000000 0x0000000000080000 xr
*default*        0x0000000000000000 0xffffffffffffffff

Linker script and memory map

LOAD e:/st/stm32cubeide_1.4.0/stm32cubeide/plugins/com.st.stm32cube.ide.mcu.externaltools.gnu-tools-for-stm32.10.3-2021.10.win32_1.0.0.202111181127/tools/bin/../lib/gcc/arm-none-eabi/10.3.1/thumb/v7e-m+fp/hard/crti.o
LOAD e:/st/stm32cubeide_1.4.0/stm32cubeide/plugins/com.st.stm32cube.ide.mcu.externaltools.gnu-tools-for-stm32.10.3-2021.10.win32_1.0.0.202111181127/tools/bin/../lib/gcc/arm-none-eabi/10.3.1/thumb/v7e-m+fp/hard/crtbegin.o
LOAD e:/st/stm32cubeide_1.4.0/stm32cubeide/plugins/com.st.stm32cube.ide.mcu.externaltools.gnu-tools-for-stm32.10.3-2021.10.win32_1.0.0.202111181127/tools/bin/../lib/gcc/arm-none-eabi/10.3.1/../../../../arm-none-eabi/lib/thumb/v7e-m+fp/hard/crt0.o
LOAD ./Core/Src/IMU50.o
LOAD ./Core/Src/kalman.o
LOAD ./Core/Src/main.o
LOAD ./Core/Src/stm32f4xx_hal_msp.o
LOAD ./Core/Src/stm32f4xx_it.o
LOAD ./Core/Src/syscalls.o
LOAD ./Core/Src/sysmem.o
LOAD ./Core/Src/system_stm32f4xx.o
LOAD ./Core/Startup/startup_stm32f411vetx.o
LOAD ./Drivers/STM32F4xx_HAL_Driver/Src/stm32f4xx_hal.o
LOAD ./Drivers/STM32F4xx_HAL_Driver/Src/stm32f4xx_hal_adc.o
LOAD ./Drivers/STM32F4xx_HAL_Driver/Src/stm32f4xx_hal_adc_ex.o
LOAD ./Drivers/STM32F4xx_HAL_Driver/Src/stm32f4xx_hal_cortex.o
LOAD ./Drivers/STM32F4xx_HAL_Driver/Src/stm32f4xx_hal_dma.o
LOAD ./Drivers/STM32F4xx_HAL_Driver/Src/stm32f4xx_hal_dma_ex.o
LOAD ./Drivers/STM32F4xx_HAL_Driver/Src/stm32f4xx_hal_exti.o
LOAD ./Drivers/STM32F4xx_HAL_Driver/Src/stm32f4xx_hal_flash.o
LOAD ./Drivers/STM32F4xx_HAL_Driver/Src/stm32f4xx_hal_flash_ex.o
LOAD ./Drivers/STM32F4xx_HAL_Driver/Src/stm32f4xx_hal_flash_ramfunc.o
LOAD ./Drivers/STM32F4xx_HAL_Driver/Src/stm32f4xx_hal_gpio.o
LOAD ./Drivers/STM32F4xx_HAL_Driver/Src/stm32f4xx_hal_pwr.o
LOAD ./Drivers/STM32F4xx_HAL_Driver/Src/stm32f4xx_hal_pwr_ex.o
LOAD ./Drivers/STM32F4xx_HAL_Driver/Src/stm32f4xx_hal_rcc.o
LOAD ./Drivers/STM32F4xx_HAL_Driver/Src/stm32f4xx_hal_rcc_ex.o
LOAD ./Drivers/STM32F4xx_HAL_Driver/Src/stm32f4xx_hal_tim.o
LOAD ./Drivers/STM32F4xx_HAL_Driver/Src/stm32f4xx_hal_tim_ex.o
LOAD ./Drivers/STM32F4xx_HAL_Driver/Src/stm32f4xx_hal_uart.o
LOAD ./Drivers/STM32F4xx_HAL_Driver/Src/stm32f4xx_ll_adc.o
START GROUP
LOAD e:/st/stm32cubeide_1.4.0/stm32cubeide/plugins/com.st.stm32cube.ide.mcu.externaltools.gnu-tools-for-stm32.10.3-2021.10.win32_1.0.0.202111181127/tools/bin/../lib/gcc/arm-none-eabi/10.3.1/../../../../arm-none-eabi/lib/thumb/v7e-m+fp/hard\libc_nano.a
LOAD e:/st/stm32cubeide_1.4.0/stm32cubeide/plugins/com.st.stm32cube.ide.mcu.externaltools.gnu-tools-for-stm32.10.3-2021.10.win32_1.0.0.202111181127/tools/bin/../lib/gcc/arm-none-eabi/10.3.1/../../../../arm-none-eabi/lib/thumb/v7e-m+fp/hard\libm.a
END GROUP
START GROUP
LOAD e:/st/stm32cubeide_1.4.0/stm32cubeide/plugins/com.st.stm32cube.ide.mcu.externaltools.gnu-tools-for-stm32.10.3-2021.10.win32_1.0.0.202111181127/tools/bin/../lib/gcc/arm-none-eabi/10.3.1/thumb/v7e-m+fp/hard\libgcc.a
LOAD e:/st/stm32cubeide_1.4.0/stm32cubeide/plugins/com.st.stm32cube.ide.mcu.externaltools.gnu-tools-for-stm32.10.3-2021.10.win32_1.0.0.202111181127/tools/bin/../lib/gcc/arm-none-eabi/10.3.1/../../../../arm-none-eabi/lib/thumb/v7e-m+fp/hard\libc_nano.a
END GROUP
START GROUP
LOAD e:/st/stm32cubeide_1.4.0/stm32cubeide/plugins/com.st.stm32cube.ide.mcu.externaltools.gnu-tools-for-stm32.10.3-2021.10.win32_1.0.0.202111181127/tools/bin/../lib/gcc/arm-none-eabi/10.3.1/thumb/v7e-m+fp/hard\libgcc.a
LOAD e:/st/stm32cubeide_1.4.0/stm32cubeide/plugins/com.st.stm32cube.ide.mcu.externaltools.gnu-tools-for-stm32.10.3-2021.10.win32_1.0.0.202111181127/tools/bin/../lib/gcc/arm-none-eabi/10.3.1/../../../../arm-none-eabi/lib/thumb/v7e-m+fp/hard\libc_nano.a
LOAD e:/st/stm32cubeide_1.4.0/stm32cubeide/plugins/com.st.stm32cube.ide.mcu.externaltools.gnu-tools-for-stm32.10.3-2021.10.win32_1.0.0.202111181127/tools/bin/../lib/gcc/arm-none-eabi/10.3.1/../../../../arm-none-eabi/lib/thumb/v7e-m+fp/hard\libnosys.a
END GROUP
START GROUP
LOAD e:/st/stm32cubeide_1.4.0/stm32cubeide/plugins/com.st.stm32cube.ide.mcu.externaltools.gnu-tools-for-stm32.10.3-2021.10.win32_1.0.0.202111181127/tools/bin/../lib/gcc/arm-none-eabi/10.3.1/thumb/v7e-m+fp/hard\libgcc.a
LOAD e:/st/stm32cubeide_1.4.0/stm32cubeide/plugins/com.st.stm32cube.ide.mcu.externaltools.gnu-tools-for-stm32.10.3-2021.10.win32_1.0.0.202111181127/tools/bin/../lib/gcc/arm-none-eabi/10.3.1/../../../../arm-none-eabi/lib/thumb/v7e-m+fp/hard\libc_nano.a
LOAD e:/st/stm32cubeide_1.4.0/stm32cubeide/plugins/com.st.stm32cube.ide.mcu.externaltools.gnu-tools-for-stm32.10.3-2021.10.win32_1.0.0.202111181127/tools/bin/../lib/gcc/arm-none-eabi/10.3.1/../../../../arm-none-eabi/lib/thumb/v7e-m+fp/hard\libnosys.a
END GROUP
LOAD e:/st/stm32cubeide_1.4.0/stm32cubeide/plugins/com.st.stm32cube.ide.mcu.externaltools.gnu-tools-for-stm32.10.3-2021.10.win32_1.0.0.202111181127/tools/bin/../lib/gcc/arm-none-eabi/10.3.1/thumb/v7e-m+fp/hard/crtend.o
LOAD e:/st/stm32cubeide_1.4.0/stm32cubeide/plugins/com.st.stm32cube.ide.mcu.externaltools.gnu-tools-for-stm32.10.3-2021.10.win32_1.0.0.202111181127/tools/bin/../lib/gcc/arm-none-eabi/10.3.1/thumb/v7e-m+fp/hard/crtn.o
                0x0000000020020000                _estack = (ORIGIN (RAM) + LENGTH (RAM))
                0x0000000000000200                _Min_Heap_Size = 0x200
                0x0000000000000400                _Min_Stack_Size = 0x400

.isr_vector     0x0000000008000000      0x198
                0x0000000008000000                . = ALIGN (0x4)
 *(.isr_vector)
 .isr_vector    0x0000000008000000      0x198 ./Core/Startup/startup_stm32f411vetx.o
                0x0000000008000000                g_pfnVectors
                0x0000000008000198                . = ALIGN (0x4)

.text           0x0000000008000198     0x5668
                0x0000000008000198                . = ALIGN (0x4)
 *(.text)
 .text          0x0000000008000198       0x40 e:/st/stm32cubeide_1.4.0/stm32cubeide/plugins/com.st.stm32cube.ide.mcu.externaltools.gnu-tools-for-stm32.10.3-2021.10.win32_1.0.0.202111181127/tools/bin/../lib/gcc/arm-none-eabi/10.3.1/thumb/v7e-m+fp/hard/crtbegin.o
 .text          0x00000000080001d8      0x254 e:/st/stm32cubeide_1.4.0/stm32cubeide/plugins/com.st.stm32cube.ide.mcu.externaltools.gnu-tools-for-stm32.10.3-2021.10.win32_1.0.0.202111181127/tools/bin/../lib/gcc/arm-none-eabi/10.3.1/thumb/v7e-m+fp/hard\libgcc.a(_arm_muldf3.o)
                0x00000000080001d8                __muldf3
                0x00000000080001d8                __aeabi_dmul
 .text          0x000000000800042c      0x378 e:/st/stm32cubeide_1.4.0/stm32cubeide/plugins/com.st.stm32cube.ide.mcu.externaltools.gnu-tools-for-stm32.10.3-2021.10.win32_1.0.0.202111181127/tools/bin/../lib/gcc/arm-none-eabi/10.3.1/thumb/v7e-m+fp/hard\libgcc.a(_arm_addsubdf3.o)
                0x000000000800042c                __aeabi_drsub
                0x0000000008000434                __aeabi_dsub
                0x0000000008000434                __subdf3
                0x0000000008000438                __aeabi_dadd
                0x0000000008000438                __adddf3
                0x00000000080006b0                __floatunsidf
                0x00000000080006b0                __aeabi_ui2d
                0x00000000080006d0                __floatsidf
                0x00000000080006d0                __aeabi_i2d
                0x00000000080006f4                __aeabi_f2d
                0x00000000080006f4                __extendsfdf2
                0x0000000008000738                __floatundidf
                0x0000000008000738                __aeabi_ul2d
                0x0000000008000748                __floatdidf
                0x0000000008000748                __aeabi_l2d
 .text          0x00000000080007a4       0xa0 e:/st/stm32cubeide_1.4.0/stm32cubeide/plugins/com.st.stm32cube.ide.mcu.externaltools.gnu-tools-for-stm32.10.3-2021.10.win32_1.0.0.202111181127/tools/bin/../lib/gcc/arm-none-eabi/10.3.1/thumb/v7e-m+fp/hard\libgcc.a(_arm_truncdfsf2.o)
                0x00000000080007a4                __truncdfsf2
                0x00000000080007a4                __aeabi_d2f
 .text          0x0000000008000844       0x30 e:/st/stm32cubeide_1.4.0/stm32cubeide/plugins/com.st.stm32cube.ide.mcu.externaltools.gnu-tools-for-stm32.10.3-2021.10.win32_1.0.0.202111181127/tools/bin/../lib/gcc/arm-none-eabi/10.3.1/thumb/v7e-m+fp/hard\libgcc.a(_aeabi_uldivmod.o)
                0x0000000008000844                __aeabi_uldivmod
 .text          0x0000000008000874      0x2d0 e:/st/stm32cubeide_1.4.0/stm32cubeide/plugins/com.st.stm32cube.ide.mcu.externaltools.gnu-tools-for-stm32.10.3-2021.10.win32_1.0.0.202111181127/tools/bin/../lib/gcc/arm-none-eabi/10.3.1/thumb/v7e-m+fp/hard\libgcc.a(_udivmoddi4.o)
                0x0000000008000874                __udivmoddi4
 .text          0x0000000008000b44        0x4 e:/st/stm32cubeide_1.4.0/stm32cubeide/plugins/com.st.stm32cube.ide.mcu.externaltools.gnu-tools-for-stm32.10.3-2021.10.win32_1.0.0.202111181127/tools/bin/../lib/gcc/arm-none-eabi/10.3.1/thumb/v7e-m+fp/hard\libgcc.a(_dvmd_tls.o)
                0x0000000008000b44                __aeabi_idiv0
                0x0000000008000b44                __aeabi_ldiv0
 *(.text*)
 .text.IMU50_SendCommand
                0x0000000008000b48       0x24 ./Core/Src/IMU50.o
                0x0000000008000b48                IMU50_SendCommand
 *fill*         0x0000000008000b6c        0x4 
 .text.IMU50_Respond_format
                0x0000000008000b70      0x328 ./Core/Src/IMU50.o
                0x0000000008000b70                IMU50_Respond_format
 .text.IMU50_Init
                0x0000000008000e98       0x90 ./Core/Src/IMU50.o
                0x0000000008000e98                IMU50_Init
 .text.IMU50_Read_Gyr
                0x0000000008000f28       0x80 ./Core/Src/IMU50.o
                0x0000000008000f28                IMU50_Read_Gyr
 .text.KalmanFilterGyr
                0x0000000008000fa8       0xa8 ./Core/Src/kalman.o
                0x0000000008000fa8                KalmanFilterGyr
 .text.KalmanFilterRFC
                0x0000000008001050       0xa8 ./Core/Src/kalman.o
                0x0000000008001050                KalmanFilterRFC
 .text.HAL_UARTEx_RxEventCallback
                0x00000000080010f8       0x88 ./Core/Src/main.o
                0x00000000080010f8                HAL_UARTEx_RxEventCallback
 .text.UARTRXInit
                0x0000000008001180       0x54 ./Core/Src/main.o
                0x0000000008001180                UARTRXInit
 .text.HAL_ADC_ConvCpltCallback
                0x00000000080011d4       0x7c ./Core/Src/main.o
                0x00000000080011d4                HAL_ADC_ConvCpltCallback
 .text.main     0x0000000008001250      0x108 ./Core/Src/main.o
                0x0000000008001250                main
 .text.SystemClock_Config
                0x0000000008001358       0xd0 ./Core/Src/main.o
                0x0000000008001358                SystemClock_Config
 .text.MX_ADC1_Init
                0x0000000008001428       0xa4 ./Core/Src/main.o
 .text.MX_TIM2_Init
                0x00000000080014cc       0x9c ./Core/Src/main.o
 .text.MX_USART2_UART_Init
                0x0000000008001568       0x54 ./Core/Src/main.o
 .text.MX_USART6_UART_Init
                0x00000000080015bc       0x54 ./Core/Src/main.o
 .text.MX_DMA_Init
                0x0000000008001610       0x7c ./Core/Src/main.o
 .text.MX_GPIO_Init
                0x000000000800168c       0x6c ./Core/Src/main.o
 .text.Error_Handler
                0x00000000080016f8        0xa ./Core/Src/main.o
                0x00000000080016f8                Error_Handler
 *fill*         0x0000000008001702        0x2 
 .text.HAL_MspInit
                0x0000000008001704       0x50 ./Core/Src/stm32f4xx_hal_msp.o
                0x0000000008001704                HAL_MspInit
 .text.HAL_ADC_MspInit
                0x0000000008001754       0xf0 ./Core/Src/stm32f4xx_hal_msp.o
                0x0000000008001754                HAL_ADC_MspInit
 .text.HAL_TIM_Base_MspInit
                0x0000000008001844       0x4c ./Core/Src/stm32f4xx_hal_msp.o
                0x0000000008001844                HAL_TIM_Base_MspInit
 .text.HAL_UART_MspInit
                0x0000000008001890      0x1e4 ./Core/Src/stm32f4xx_hal_msp.o
                0x0000000008001890                HAL_UART_MspInit
 .text.NMI_Handler
                0x0000000008001a74        0x6 ./Core/Src/stm32f4xx_it.o
                0x0000000008001a74                NMI_Handler
 .text.HardFault_Handler
                0x0000000008001a7a        0x6 ./Core/Src/stm32f4xx_it.o
                0x0000000008001a7a                HardFault_Handler
 .text.MemManage_Handler
                0x0000000008001a80        0x6 ./Core/Src/stm32f4xx_it.o
                0x0000000008001a80                MemManage_Handler
 .text.BusFault_Handler
                0x0000000008001a86        0x6 ./Core/Src/stm32f4xx_it.o
                0x0000000008001a86                BusFault_Handler
 .text.UsageFault_Handler
                0x0000000008001a8c        0x6 ./Core/Src/stm32f4xx_it.o
                0x0000000008001a8c                UsageFault_Handler
 .text.SVC_Handler
                0x0000000008001a92        0xe ./Core/Src/stm32f4xx_it.o
                0x0000000008001a92                SVC_Handler
 .text.DebugMon_Handler
                0x0000000008001aa0        0xe ./Core/Src/stm32f4xx_it.o
                0x0000000008001aa0                DebugMon_Handler
 .text.PendSV_Handler
                0x0000000008001aae        0xe ./Core/Src/stm32f4xx_it.o
                0x0000000008001aae                PendSV_Handler
 .text.SysTick_Handler
                0x0000000008001abc        0xc ./Core/Src/stm32f4xx_it.o
                0x0000000008001abc                SysTick_Handler
 .text.DMA1_Stream5_IRQHandler
                0x0000000008001ac8       0x14 ./Core/Src/stm32f4xx_it.o
                0x0000000008001ac8                DMA1_Stream5_IRQHandler
 .text.TIM2_IRQHandler
                0x0000000008001adc       0x14 ./Core/Src/stm32f4xx_it.o
                0x0000000008001adc                TIM2_IRQHandler
 .text.USART2_IRQHandler
                0x0000000008001af0       0x14 ./Core/Src/stm32f4xx_it.o
                0x0000000008001af0                USART2_IRQHandler
 .text.DMA2_Stream0_IRQHandler
                0x0000000008001b04       0x14 ./Core/Src/stm32f4xx_it.o
                0x0000000008001b04                DMA2_Stream0_IRQHandler
 .text.DMA2_Stream1_IRQHandler
                0x0000000008001b18       0x14 ./Core/Src/stm32f4xx_it.o
                0x0000000008001b18                DMA2_Stream1_IRQHandler
 .text.USART6_IRQHandler
                0x0000000008001b2c       0x14 ./Core/Src/stm32f4xx_it.o
                0x0000000008001b2c                USART6_IRQHandler
 .text.SystemInit
                0x0000000008001b40       0x24 ./Core/Src/system_stm32f4xx.o
                0x0000000008001b40                SystemInit
 .text.Reset_Handler
                0x0000000008001b64       0x50 ./Core/Startup/startup_stm32f411vetx.o
                0x0000000008001b64                Reset_Handler
 .text.Default_Handler
                0x0000000008001bb4        0x2 ./Core/Startup/startup_stm32f411vetx.o
                0x0000000008001bb4                RTC_Alarm_IRQHandler
                0x0000000008001bb4                EXTI2_IRQHandler
                0x0000000008001bb4                SPI4_IRQHandler
                0x0000000008001bb4                TIM1_CC_IRQHandler
                0x0000000008001bb4                DMA2_Stream5_IRQHandler
                0x0000000008001bb4                PVD_IRQHandler
                0x0000000008001bb4                SDIO_IRQHandler
                0x0000000008001bb4                TAMP_STAMP_IRQHandler
                0x0000000008001bb4                EXTI3_IRQHandler
                0x0000000008001bb4                TIM1_UP_TIM10_IRQHandler
                0x0000000008001bb4                I2C3_ER_IRQHandler
                0x0000000008001bb4                EXTI0_IRQHandler
                0x0000000008001bb4                I2C2_EV_IRQHandler
                0x0000000008001bb4                DMA1_Stream2_IRQHandler
                0x0000000008001bb4                FPU_IRQHandler
                0x0000000008001bb4                DMA2_Stream2_IRQHandler
                0x0000000008001bb4                SPI1_IRQHandler
                0x0000000008001bb4                TIM1_BRK_TIM9_IRQHandler
                0x0000000008001bb4                DMA2_Stream3_IRQHandler
                0x0000000008001bb4                TIM4_IRQHandler
                0x0000000008001bb4                I2C1_EV_IRQHandler
                0x0000000008001bb4                DMA1_Stream6_IRQHandler
                0x0000000008001bb4                DMA1_Stream1_IRQHandler
                0x0000000008001bb4                TIM3_IRQHandler
                0x0000000008001bb4                RCC_IRQHandler
                0x0000000008001bb4                Default_Handler
                0x0000000008001bb4                EXTI15_10_IRQHandler
                0x0000000008001bb4                ADC_IRQHandler
                0x0000000008001bb4                DMA1_Stream7_IRQHandler
                0x0000000008001bb4                SPI5_IRQHandler
                0x0000000008001bb4                TIM5_IRQHandler
                0x0000000008001bb4                DMA2_Stream7_IRQHandler
                0x0000000008001bb4                I2C3_EV_IRQHandler
                0x0000000008001bb4                EXTI9_5_IRQHandler
                0x0000000008001bb4                RTC_WKUP_IRQHandler
                0x0000000008001bb4                SPI2_IRQHandler
                0x0000000008001bb4                DMA1_Stream0_IRQHandler
                0x0000000008001bb4                EXTI4_IRQHandler
                0x0000000008001bb4                WWDG_IRQHandler
                0x0000000008001bb4                OTG_FS_WKUP_IRQHandler
                0x0000000008001bb4                TIM1_TRG_COM_TIM11_IRQHandler
                0x0000000008001bb4                EXTI1_IRQHandler
                0x0000000008001bb4                I2C2_ER_IRQHandler
                0x0000000008001bb4                FLASH_IRQHandler
                0x0000000008001bb4                DMA2_Stream4_IRQHandler
                0x0000000008001bb4                USART1_IRQHandler
                0x0000000008001bb4                OTG_FS_IRQHandler
                0x0000000008001bb4                SPI3_IRQHandler
                0x0000000008001bb4                DMA1_Stream4_IRQHandler
                0x0000000008001bb4                I2C1_ER_IRQHandler
                0x0000000008001bb4                DMA2_Stream6_IRQHandler
                0x0000000008001bb4                DMA1_Stream3_IRQHandler
 *fill*         0x0000000008001bb6        0x2 
 .text.HAL_Init
                0x0000000008001bb8       0x44 ./Drivers/STM32F4xx_HAL_Driver/Src/stm32f4xx_hal.o
                0x0000000008001bb8                HAL_Init
 .text.HAL_InitTick
                0x0000000008001bfc       0x60 ./Drivers/STM32F4xx_HAL_Driver/Src/stm32f4xx_hal.o
                0x0000000008001bfc                HAL_InitTick
 .text.HAL_IncTick
                0x0000000008001c5c       0x28 ./Drivers/STM32F4xx_HAL_Driver/Src/stm32f4xx_hal.o
                0x0000000008001c5c                HAL_IncTick
 .text.HAL_GetTick
                0x0000000008001c84       0x18 ./Drivers/STM32F4xx_HAL_Driver/Src/stm32f4xx_hal.o
                0x0000000008001c84                HAL_GetTick
 .text.HAL_Delay
                0x0000000008001c9c       0x48 ./Drivers/STM32F4xx_HAL_Driver/Src/stm32f4xx_hal.o
                0x0000000008001c9c                HAL_Delay
 .text.HAL_ADC_Init
                0x0000000008001ce4       0x86 ./Drivers/STM32F4xx_HAL_Driver/Src/stm32f4xx_hal_adc.o
                0x0000000008001ce4                HAL_ADC_Init
 *fill*         0x0000000008001d6a        0x2 
 .text.HAL_ADC_Start_DMA
                0x0000000008001d6c      0x1e0 ./Drivers/STM32F4xx_HAL_Driver/Src/stm32f4xx_hal_adc.o
                0x0000000008001d6c                HAL_ADC_Start_DMA
 .text.HAL_ADC_ConvHalfCpltCallback
                0x0000000008001f4c       0x14 ./Drivers/STM32F4xx_HAL_Driver/Src/stm32f4xx_hal_adc.o
                0x0000000008001f4c                HAL_ADC_ConvHalfCpltCallback
 .text.HAL_ADC_ErrorCallback
                0x0000000008001f60       0x14 ./Drivers/STM32F4xx_HAL_Driver/Src/stm32f4xx_hal_adc.o
                0x0000000008001f60                HAL_ADC_ErrorCallback
 .text.HAL_ADC_ConfigChannel
                0x0000000008001f74      0x264 ./Drivers/STM32F4xx_HAL_Driver/Src/stm32f4xx_hal_adc.o
                0x0000000008001f74                HAL_ADC_ConfigChannel
 .text.ADC_Init
                0x00000000080021d8      0x1f8 ./Drivers/STM32F4xx_HAL_Driver/Src/stm32f4xx_hal_adc.o
 .text.ADC_DMAConvCplt
                0x00000000080023d0       0xba ./Drivers/STM32F4xx_HAL_Driver/Src/stm32f4xx_hal_adc.o
 .text.ADC_DMAHalfConvCplt
                0x000000000800248a       0x1c ./Drivers/STM32F4xx_HAL_Driver/Src/stm32f4xx_hal_adc.o
 .text.ADC_DMAError
                0x00000000080024a6       0x2e ./Drivers/STM32F4xx_HAL_Driver/Src/stm32f4xx_hal_adc.o
 .text.__NVIC_SetPriorityGrouping
                0x00000000080024d4       0x48 ./Drivers/STM32F4xx_HAL_Driver/Src/stm32f4xx_hal_cortex.o
 .text.__NVIC_GetPriorityGrouping
                0x000000000800251c       0x1c ./Drivers/STM32F4xx_HAL_Driver/Src/stm32f4xx_hal_cortex.o
 .text.__NVIC_EnableIRQ
                0x0000000008002538       0x3c ./Drivers/STM32F4xx_HAL_Driver/Src/stm32f4xx_hal_cortex.o
 .text.__NVIC_SetPriority
                0x0000000008002574       0x54 ./Drivers/STM32F4xx_HAL_Driver/Src/stm32f4xx_hal_cortex.o
 .text.NVIC_EncodePriority
                0x00000000080025c8       0x66 ./Drivers/STM32F4xx_HAL_Driver/Src/stm32f4xx_hal_cortex.o
 *fill*         0x000000000800262e        0x2 
 .text.SysTick_Config
                0x0000000008002630       0x44 ./Drivers/STM32F4xx_HAL_Driver/Src/stm32f4xx_hal_cortex.o
 .text.HAL_NVIC_SetPriorityGrouping
                0x0000000008002674       0x16 ./Drivers/STM32F4xx_HAL_Driver/Src/stm32f4xx_hal_cortex.o
                0x0000000008002674                HAL_NVIC_SetPriorityGrouping
 .text.HAL_NVIC_SetPriority
                0x000000000800268a       0x38 ./Drivers/STM32F4xx_HAL_Driver/Src/stm32f4xx_hal_cortex.o
                0x000000000800268a                HAL_NVIC_SetPriority
 .text.HAL_NVIC_EnableIRQ
                0x00000000080026c2       0x1c ./Drivers/STM32F4xx_HAL_Driver/Src/stm32f4xx_hal_cortex.o
                0x00000000080026c2                HAL_NVIC_EnableIRQ
 .text.HAL_SYSTICK_Config
                0x00000000080026de       0x18 ./Drivers/STM32F4xx_HAL_Driver/Src/stm32f4xx_hal_cortex.o
                0x00000000080026de                HAL_SYSTICK_Config
 *fill*         0x00000000080026f6        0x2 
 .text.HAL_DMA_Init
                0x00000000080026f8      0x15c ./Drivers/STM32F4xx_HAL_Driver/Src/stm32f4xx_hal_dma.o
                0x00000000080026f8                HAL_DMA_Init
 .text.HAL_DMA_Start_IT
                0x0000000008002854       0xb0 ./Drivers/STM32F4xx_HAL_Driver/Src/stm32f4xx_hal_dma.o
                0x0000000008002854                HAL_DMA_Start_IT
 .text.HAL_DMA_Abort
                0x0000000008002904       0xe0 ./Drivers/STM32F4xx_HAL_Driver/Src/stm32f4xx_hal_dma.o
                0x0000000008002904                HAL_DMA_Abort
 .text.HAL_DMA_Abort_IT
                0x00000000080029e4       0x44 ./Drivers/STM32F4xx_HAL_Driver/Src/stm32f4xx_hal_dma.o
                0x00000000080029e4                HAL_DMA_Abort_IT
 .text.HAL_DMA_IRQHandler
                0x0000000008002a28      0x314 ./Drivers/STM32F4xx_HAL_Driver/Src/stm32f4xx_hal_dma.o
                0x0000000008002a28                HAL_DMA_IRQHandler
 .text.DMA_SetConfig
                0x0000000008002d3c       0x5c ./Drivers/STM32F4xx_HAL_Driver/Src/stm32f4xx_hal_dma.o
 .text.DMA_CalcBaseAndBitshift
                0x0000000008002d98       0x6c ./Drivers/STM32F4xx_HAL_Driver/Src/stm32f4xx_hal_dma.o
 .text.DMA_CheckFifoParam
                0x0000000008002e04       0xf8 ./Drivers/STM32F4xx_HAL_Driver/Src/stm32f4xx_hal_dma.o
 .text.HAL_GPIO_Init
                0x0000000008002efc      0x308 ./Drivers/STM32F4xx_HAL_Driver/Src/stm32f4xx_hal_gpio.o
                0x0000000008002efc                HAL_GPIO_Init
 .text.HAL_RCC_OscConfig
                0x0000000008003204      0x4f0 ./Drivers/STM32F4xx_HAL_Driver/Src/stm32f4xx_hal_rcc.o
                0x0000000008003204                HAL_RCC_OscConfig
 .text.HAL_RCC_ClockConfig
                0x00000000080036f4      0x1cc ./Drivers/STM32F4xx_HAL_Driver/Src/stm32f4xx_hal_rcc.o
                0x00000000080036f4                HAL_RCC_ClockConfig
 .text.HAL_RCC_GetSysClockFreq
                0x00000000080038c0      0x20c ./Drivers/STM32F4xx_HAL_Driver/Src/stm32f4xx_hal_rcc.o
                0x00000000080038c0                HAL_RCC_GetSysClockFreq
 .text.HAL_RCC_GetHCLKFreq
                0x0000000008003acc       0x18 ./Drivers/STM32F4xx_HAL_Driver/Src/stm32f4xx_hal_rcc.o
                0x0000000008003acc                HAL_RCC_GetHCLKFreq
 .text.HAL_RCC_GetPCLK1Freq
                0x0000000008003ae4       0x28 ./Drivers/STM32F4xx_HAL_Driver/Src/stm32f4xx_hal_rcc.o
                0x0000000008003ae4                HAL_RCC_GetPCLK1Freq
 .text.HAL_RCC_GetPCLK2Freq
                0x0000000008003b0c       0x28 ./Drivers/STM32F4xx_HAL_Driver/Src/stm32f4xx_hal_rcc.o
                0x0000000008003b0c                HAL_RCC_GetPCLK2Freq
 .text.HAL_TIM_Base_Init
                0x0000000008003b34       0x9e ./Drivers/STM32F4xx_HAL_Driver/Src/stm32f4xx_hal_tim.o
                0x0000000008003b34                HAL_TIM_Base_Init
 .text.HAL_TIM_IRQHandler
                0x0000000008003bd2      0x210 ./Drivers/STM32F4xx_HAL_Driver/Src/stm32f4xx_hal_tim.o
                0x0000000008003bd2                HAL_TIM_IRQHandler
 .text.HAL_TIM_ConfigClockSource
                0x0000000008003de2      0x18e ./Drivers/STM32F4xx_HAL_Driver/Src/stm32f4xx_hal_tim.o
                0x0000000008003de2                HAL_TIM_ConfigClockSource
 .text.HAL_TIM_PeriodElapsedCallback
                0x0000000008003f70       0x14 ./Drivers/STM32F4xx_HAL_Driver/Src/stm32f4xx_hal_tim.o
                0x0000000008003f70                HAL_TIM_PeriodElapsedCallback
 .text.HAL_TIM_OC_DelayElapsedCallback
                0x0000000008003f84       0x14 ./Drivers/STM32F4xx_HAL_Driver/Src/stm32f4xx_hal_tim.o
                0x0000000008003f84                HAL_TIM_OC_DelayElapsedCallback
 .text.HAL_TIM_IC_CaptureCallback
                0x0000000008003f98       0x14 ./Drivers/STM32F4xx_HAL_Driver/Src/stm32f4xx_hal_tim.o
                0x0000000008003f98                HAL_TIM_IC_CaptureCallback
 .text.HAL_TIM_PWM_PulseFinishedCallback
                0x0000000008003fac       0x14 ./Drivers/STM32F4xx_HAL_Driver/Src/stm32f4xx_hal_tim.o
                0x0000000008003fac                HAL_TIM_PWM_PulseFinishedCallback
 .text.HAL_TIM_TriggerCallback
                0x0000000008003fc0       0x14 ./Drivers/STM32F4xx_HAL_Driver/Src/stm32f4xx_hal_tim.o
                0x0000000008003fc0                HAL_TIM_TriggerCallback
 .text.TIM_Base_SetConfig
                0x0000000008003fd4      0x100 ./Drivers/STM32F4xx_HAL_Driver/Src/stm32f4xx_hal_tim.o
                0x0000000008003fd4                TIM_Base_SetConfig
 .text.TIM_TI1_ConfigInputStage
                0x00000000080040d4       0x5e ./Drivers/STM32F4xx_HAL_Driver/Src/stm32f4xx_hal_tim.o
 .text.TIM_TI2_ConfigInputStage
                0x0000000008004132       0x60 ./Drivers/STM32F4xx_HAL_Driver/Src/stm32f4xx_hal_tim.o
 .text.TIM_ITRx_SetConfig
                0x0000000008004192       0x36 ./Drivers/STM32F4xx_HAL_Driver/Src/stm32f4xx_hal_tim.o
 .text.TIM_ETR_SetConfig
                0x00000000080041c8       0x40 ./Drivers/STM32F4xx_HAL_Driver/Src/stm32f4xx_hal_tim.o
                0x00000000080041c8                TIM_ETR_SetConfig
 .text.HAL_TIMEx_MasterConfigSynchronization
                0x0000000008004208       0xdc ./Drivers/STM32F4xx_HAL_Driver/Src/stm32f4xx_hal_tim_ex.o
                0x0000000008004208                HAL_TIMEx_MasterConfigSynchronization
 .text.HAL_TIMEx_CommutCallback
                0x00000000080042e4       0x14 ./Drivers/STM32F4xx_HAL_Driver/Src/stm32f4xx_hal_tim_ex.o
                0x00000000080042e4                HAL_TIMEx_CommutCallback
 .text.HAL_TIMEx_BreakCallback
                0x00000000080042f8       0x14 ./Drivers/STM32F4xx_HAL_Driver/Src/stm32f4xx_hal_tim_ex.o
                0x00000000080042f8                HAL_TIMEx_BreakCallback
 .text.HAL_UART_Init
                0x000000000800430c       0x9a ./Drivers/STM32F4xx_HAL_Driver/Src/stm32f4xx_hal_uart.o
                0x000000000800430c                HAL_UART_Init
 .text.HAL_UART_Transmit
                0x00000000080043a6      0x124 ./Drivers/STM32F4xx_HAL_Driver/Src/stm32f4xx_hal_uart.o
                0x00000000080043a6                HAL_UART_Transmit
 .text.HAL_UARTEx_ReceiveToIdle_DMA
                0x00000000080044ca       0xca ./Drivers/STM32F4xx_HAL_Driver/Src/stm32f4xx_hal_uart.o
                0x00000000080044ca                HAL_UARTEx_ReceiveToIdle_DMA
 .text.HAL_UART_IRQHandler
                0x0000000008004594      0x51c ./Drivers/STM32F4xx_HAL_Driver/Src/stm32f4xx_hal_uart.o
                0x0000000008004594                HAL_UART_IRQHandler
 .text.HAL_UART_TxCpltCallback
                0x0000000008004ab0       0x14 ./Drivers/STM32F4xx_HAL_Driver/Src/stm32f4xx_hal_uart.o
                0x0000000008004ab0                HAL_UART_TxCpltCallback
 .text.HAL_UART_RxCpltCallback
                0x0000000008004ac4       0x14 ./Drivers/STM32F4xx_HAL_Driver/Src/stm32f4xx_hal_uart.o
                0x0000000008004ac4                HAL_UART_RxCpltCallback
 .text.HAL_UART_RxHalfCpltCallback
                0x0000000008004ad8       0x14 ./Drivers/STM32F4xx_HAL_Driver/Src/stm32f4xx_hal_uart.o
                0x0000000008004ad8                HAL_UART_RxHalfCpltCallback
 .text.HAL_UART_ErrorCallback
                0x0000000008004aec       0x14 ./Drivers/STM32F4xx_HAL_Driver/Src/stm32f4xx_hal_uart.o
                0x0000000008004aec                HAL_UART_ErrorCallback
 .text.UART_DMAReceiveCplt
                0x0000000008004b00      0x126 ./Drivers/STM32F4xx_HAL_Driver/Src/stm32f4xx_hal_uart.o
 .text.UART_DMARxHalfCplt
                0x0000000008004c26       0x36 ./Drivers/STM32F4xx_HAL_Driver/Src/stm32f4xx_hal_uart.o
 .text.UART_DMAError
                0x0000000008004c5c       0x94 ./Drivers/STM32F4xx_HAL_Driver/Src/stm32f4xx_hal_uart.o
 .text.UART_WaitOnFlagUntilTimeout
                0x0000000008004cf0       0xdc ./Drivers/STM32F4xx_HAL_Driver/Src/stm32f4xx_hal_uart.o
 .text.UART_Start_Receive_DMA
                0x0000000008004dcc      0x13c ./Drivers/STM32F4xx_HAL_Driver/Src/stm32f4xx_hal_uart.o
                0x0000000008004dcc                UART_Start_Receive_DMA
 .text.UART_EndTxTransfer
                0x0000000008004f08       0x50 ./Drivers/STM32F4xx_HAL_Driver/Src/stm32f4xx_hal_uart.o
 .text.UART_EndRxTransfer
                0x0000000008004f58       0xc6 ./Drivers/STM32F4xx_HAL_Driver/Src/stm32f4xx_hal_uart.o
 .text.UART_DMAAbortOnError
                0x000000000800501e       0x28 ./Drivers/STM32F4xx_HAL_Driver/Src/stm32f4xx_hal_uart.o
 .text.UART_Transmit_IT
                0x0000000008005046       0xa0 ./Drivers/STM32F4xx_HAL_Driver/Src/stm32f4xx_hal_uart.o
 .text.UART_EndTransmit_IT
                0x00000000080050e6       0x30 ./Drivers/STM32F4xx_HAL_Driver/Src/stm32f4xx_hal_uart.o
 .text.UART_Receive_IT
                0x0000000008005116      0x176 ./Drivers/STM32F4xx_HAL_Driver/Src/stm32f4xx_hal_uart.o
 .text.UART_SetConfig
                0x000000000800528c      0x4e8 ./Drivers/STM32F4xx_HAL_Driver/Src/stm32f4xx_hal_uart.o
 .text.__libc_init_array
                0x0000000008005774       0x48 e:/st/stm32cubeide_1.4.0/stm32cubeide/plugins/com.st.stm32cube.ide.mcu.externaltools.gnu-tools-for-stm32.10.3-2021.10.win32_1.0.0.202111181127/tools/bin/../lib/gcc/arm-none-eabi/10.3.1/../../../../arm-none-eabi/lib/thumb/v7e-m+fp/hard\libc_nano.a(lib_a-init.o)
                0x0000000008005774                __libc_init_array
 .text.memcpy   0x00000000080057bc       0x1c e:/st/stm32cubeide_1.4.0/stm32cubeide/plugins/com.st.stm32cube.ide.mcu.externaltools.gnu-tools-for-stm32.10.3-2021.10.win32_1.0.0.202111181127/tools/bin/../lib/gcc/arm-none-eabi/10.3.1/../../../../arm-none-eabi/lib/thumb/v7e-m+fp/hard\libc_nano.a(lib_a-memcpy-stub.o)
                0x00000000080057bc                memcpy
 .text.memset   0x00000000080057d8       0x10 e:/st/stm32cubeide_1.4.0/stm32cubeide/plugins/com.st.stm32cube.ide.mcu.externaltools.gnu-tools-for-stm32.10.3-2021.10.win32_1.0.0.202111181127/tools/bin/../lib/gcc/arm-none-eabi/10.3.1/../../../../arm-none-eabi/lib/thumb/v7e-m+fp/hard\libc_nano.a(lib_a-memset.o)
                0x00000000080057d8                memset
 *(.glue_7)
 .glue_7        0x00000000080057e8        0x0 linker stubs
 *(.glue_7t)
 .glue_7t       0x00000000080057e8        0x0 linker stubs
 *(.eh_frame)
 .eh_frame      0x00000000080057e8        0x0 e:/st/stm32cubeide_1.4.0/stm32cubeide/plugins/com.st.stm32cube.ide.mcu.externaltools.gnu-tools-for-stm32.10.3-2021.10.win32_1.0.0.202111181127/tools/bin/../lib/gcc/arm-none-eabi/10.3.1/thumb/v7e-m+fp/hard/crtbegin.o
 *(.init)
 .init          0x00000000080057e8        0x4 e:/st/stm32cubeide_1.4.0/stm32cubeide/plugins/com.st.stm32cube.ide.mcu.externaltools.gnu-tools-for-stm32.10.3-2021.10.win32_1.0.0.202111181127/tools/bin/../lib/gcc/arm-none-eabi/10.3.1/thumb/v7e-m+fp/hard/crti.o
                0x00000000080057e8                _init
 .init          0x00000000080057ec        0x8 e:/st/stm32cubeide_1.4.0/stm32cubeide/plugins/com.st.stm32cube.ide.mcu.externaltools.gnu-tools-for-stm32.10.3-2021.10.win32_1.0.0.202111181127/tools/bin/../lib/gcc/arm-none-eabi/10.3.1/thumb/v7e-m+fp/hard/crtn.o
 *(.fini)
 .fini          0x00000000080057f4        0x4 e:/st/stm32cubeide_1.4.0/stm32cubeide/plugins/com.st.stm32cube.ide.mcu.externaltools.gnu-tools-for-stm32.10.3-2021.10.win32_1.0.0.202111181127/tools/bin/../lib/gcc/arm-none-eabi/10.3.1/thumb/v7e-m+fp/hard/crti.o
                0x00000000080057f4                _fini
 .fini          0x00000000080057f8        0x8 e:/st/stm32cubeide_1.4.0/stm32cubeide/plugins/com.st.stm32cube.ide.mcu.externaltools.gnu-tools-for-stm32.10.3-2021.10.win32_1.0.0.202111181127/tools/bin/../lib/gcc/arm-none-eabi/10.3.1/thumb/v7e-m+fp/hard/crtn.o
                0x0000000008005800                . = ALIGN (0x4)
                0x0000000008005800                _etext = .

.vfp11_veneer   0x0000000008005800        0x0
 .vfp11_veneer  0x0000000008005800        0x0 linker stubs

.v4_bx          0x0000000008005800        0x0
 .v4_bx         0x0000000008005800        0x0 linker stubs

.iplt           0x0000000008005800        0x0
 .iplt          0x0000000008005800        0x0 e:/st/stm32cubeide_1.4.0/stm32cubeide/plugins/com.st.stm32cube.ide.mcu.externaltools.gnu-tools-for-stm32.10.3-2021.10.win32_1.0.0.202111181127/tools/bin/../lib/gcc/arm-none-eabi/10.3.1/thumb/v7e-m+fp/hard/crtbegin.o

.rodata         0x0000000008005800       0x20
                0x0000000008005800                . = ALIGN (0x4)
 *(.rodata)
 *(.rodata*)
 .rodata.AHBPrescTable
                0x0000000008005800       0x10 ./Core/Src/system_stm32f4xx.o
                0x0000000008005800                AHBPrescTable
 .rodata.APBPrescTable
                0x0000000008005810        0x8 ./Core/Src/system_stm32f4xx.o
                0x0000000008005810                APBPrescTable
 .rodata.flagBitshiftOffset.0
                0x0000000008005818        0x8 ./Drivers/STM32F4xx_HAL_Driver/Src/stm32f4xx_hal_dma.o
                0x0000000008005820                . = ALIGN (0x4)

.ARM.extab      0x0000000008005820        0x0
                0x0000000008005820                . = ALIGN (0x4)
 *(.ARM.extab* .gnu.linkonce.armextab.*)
                0x0000000008005820                . = ALIGN (0x4)

.ARM            0x0000000008005820        0x8
                0x0000000008005820                . = ALIGN (0x4)
                0x0000000008005820                __exidx_start = .
 *(.ARM.exidx*)
 .ARM.exidx     0x0000000008005820        0x8 e:/st/stm32cubeide_1.4.0/stm32cubeide/plugins/com.st.stm32cube.ide.mcu.externaltools.gnu-tools-for-stm32.10.3-2021.10.win32_1.0.0.202111181127/tools/bin/../lib/gcc/arm-none-eabi/10.3.1/thumb/v7e-m+fp/hard\libgcc.a(_udivmoddi4.o)
                0x0000000008005828                __exidx_end = .
                0x0000000008005828                . = ALIGN (0x4)

.rel.dyn        0x0000000008005828        0x0
 .rel.iplt      0x0000000008005828        0x0 e:/st/stm32cubeide_1.4.0/stm32cubeide/plugins/com.st.stm32cube.ide.mcu.externaltools.gnu-tools-for-stm32.10.3-2021.10.win32_1.0.0.202111181127/tools/bin/../lib/gcc/arm-none-eabi/10.3.1/thumb/v7e-m+fp/hard/crtbegin.o

.preinit_array  0x0000000008005828        0x0
                0x0000000008005828                . = ALIGN (0x4)
                0x0000000008005828                PROVIDE (__preinit_array_start = .)
 *(.preinit_array*)
                0x0000000008005828                PROVIDE (__preinit_array_end = .)
                0x0000000008005828                . = ALIGN (0x4)

.init_array     0x0000000008005828        0x4
                0x0000000008005828                . = ALIGN (0x4)
                0x0000000008005828                PROVIDE (__init_array_start = .)
 *(SORT_BY_NAME(.init_array.*))
 *(.init_array*)
 .init_array    0x0000000008005828        0x4 e:/st/stm32cubeide_1.4.0/stm32cubeide/plugins/com.st.stm32cube.ide.mcu.externaltools.gnu-tools-for-stm32.10.3-2021.10.win32_1.0.0.202111181127/tools/bin/../lib/gcc/arm-none-eabi/10.3.1/thumb/v7e-m+fp/hard/crtbegin.o
                0x000000000800582c                PROVIDE (__init_array_end = .)
                0x000000000800582c                . = ALIGN (0x4)

.fini_array     0x000000000800582c        0x4
                0x000000000800582c                . = ALIGN (0x4)
                [!provide]                        PROVIDE (__fini_array_start = .)
 *(SORT_BY_NAME(.fini_array.*))
 *(.fini_array*)
 .fini_array    0x000000000800582c        0x4 e:/st/stm32cubeide_1.4.0/stm32cubeide/plugins/com.st.stm32cube.ide.mcu.externaltools.gnu-tools-for-stm32.10.3-2021.10.win32_1.0.0.202111181127/tools/bin/../lib/gcc/arm-none-eabi/10.3.1/thumb/v7e-m+fp/hard/crtbegin.o
                [!provide]                        PROVIDE (__fini_array_end = .)
                0x0000000008005830                . = ALIGN (0x4)
                0x0000000008005830                _sidata = LOADADDR (.data)

.data           0x0000000020000000       0x20 load address 0x0000000008005830
                0x0000000020000000                . = ALIGN (0x4)
                0x0000000020000000                _sdata = .
 *(.data)
 *(.data*)
 .data.READ_GYR
                0x0000000020000000        0x5 ./Core/Src/IMU50.o
                0x0000000020000000                READ_GYR
 *fill*         0x0000000020000005        0x3 
 .data.D_w      0x0000000020000008        0x4 ./Core/Src/kalman.o
                0x0000000020000008                D_w
 .data.D_RFC    0x000000002000000c        0x4 ./Core/Src/kalman.o
                0x000000002000000c                D_RFC
 .data.RFC_Factor
                0x0000000020000010        0x4 ./Core/Src/main.o
                0x0000000020000010                RFC_Factor
 .data.SystemCoreClock
                0x0000000020000014        0x4 ./Core/Src/system_stm32f4xx.o
                0x0000000020000014                SystemCoreClock
 .data.uwTickPrio
                0x0000000020000018        0x4 ./Drivers/STM32F4xx_HAL_Driver/Src/stm32f4xx_hal.o
                0x0000000020000018                uwTickPrio
 .data.uwTickFreq
                0x000000002000001c        0x1 ./Drivers/STM32F4xx_HAL_Driver/Src/stm32f4xx_hal.o
                0x000000002000001c                uwTickFreq
 *(.RamFunc)
 *(.RamFunc*)
                0x0000000020000020                . = ALIGN (0x4)
 *fill*         0x000000002000001d        0x3 
                0x0000000020000020                _edata = .

.igot.plt       0x0000000020000020        0x0 load address 0x0000000008005850
 .igot.plt      0x0000000020000020        0x0 e:/st/stm32cubeide_1.4.0/stm32cubeide/plugins/com.st.stm32cube.ide.mcu.externaltools.gnu-tools-for-stm32.10.3-2021.10.win32_1.0.0.202111181127/tools/bin/../lib/gcc/arm-none-eabi/10.3.1/thumb/v7e-m+fp/hard/crtbegin.o
                0x0000000020000020                . = ALIGN (0x4)

.bss            0x0000000020000020      0x3f8 load address 0x0000000008005850
                0x0000000020000020                _sbss = .
                0x0000000020000020                __bss_start__ = _sbss
 *(.bss)
 .bss           0x0000000020000020       0x1c e:/st/stm32cubeide_1.4.0/stm32cubeide/plugins/com.st.stm32cube.ide.mcu.externaltools.gnu-tools-for-stm32.10.3-2021.10.win32_1.0.0.202111181127/tools/bin/../lib/gcc/arm-none-eabi/10.3.1/thumb/v7e-m+fp/hard/crtbegin.o
 *(.bss*)
 .bss.MyUart    0x000000002000003c       0x44 ./Core/Src/IMU50.o
 .bss.respond   0x0000000020000080        0x4 ./Core/Src/IMU50.o
                0x0000000020000080                respond
 .bss.lenBuffer
                0x0000000020000084        0x2 ./Core/Src/IMU50.o
                0x0000000020000084                lenBuffer
 *fill*         0x0000000020000086        0x2 
 .bss.Gyr       0x0000000020000088        0xc ./Core/Src/IMU50.o
                0x0000000020000088                Gyr
 .bss.x_w       0x0000000020000094        0x4 ./Core/Src/kalman.o
                0x0000000020000094                x_w
 .bss.x_RFC     0x0000000020000098        0x4 ./Core/Src/kalman.o
                0x0000000020000098                x_RFC
 .bss.hadc1     0x000000002000009c       0x48 ./Core/Src/main.o
                0x000000002000009c                hadc1
 .bss.hdma_adc1
                0x00000000200000e4       0x60 ./Core/Src/main.o
                0x00000000200000e4                hdma_adc1
 .bss.htim2     0x0000000020000144       0x48 ./Core/Src/main.o
                0x0000000020000144                htim2
 .bss.huart2    0x000000002000018c       0x44 ./Core/Src/main.o
                0x000000002000018c                huart2
 .bss.huart6    0x00000000200001d0       0x44 ./Core/Src/main.o
                0x00000000200001d0                huart6
 .bss.hdma_usart2_rx
                0x0000000020000214       0x60 ./Core/Src/main.o
                0x0000000020000214                hdma_usart2_rx
 .bss.hdma_usart6_rx
                0x0000000020000274       0x60 ./Core/Src/main.o
                0x0000000020000274                hdma_usart6_rx
 .bss.buffUART6
                0x00000000200002d4       0x64 ./Core/Src/main.o
                0x00000000200002d4                buffUART6
 .bss.buffUART2
                0x0000000020000338       0x32 ./Core/Src/main.o
                0x0000000020000338                buffUART2
 *fill*         0x000000002000036a        0x2 
 .bss.PcData    0x000000002000036c       0x64 ./Core/Src/main.o
                0x000000002000036c                PcData
 .bss.ImuData   0x00000000200003d0       0x32 ./Core/Src/main.o
                0x00000000200003d0                ImuData
 .bss.RFCAdcValue
                0x0000000020000402        0x2 ./Core/Src/main.o
                0x0000000020000402                RFCAdcValue
 .bss.T         0x0000000020000404        0x4 ./Core/Src/main.o
                0x0000000020000404                T
 .bss.Roll_IMU  0x0000000020000408        0x4 ./Core/Src/main.o
                0x0000000020000408                Roll_IMU
 .bss.Roll_result
                0x000000002000040c        0x4 ./Core/Src/main.o
                0x000000002000040c                Roll_result
 .bss.delta_RFC
                0x0000000020000410        0x2 ./Core/Src/main.o
                0x0000000020000410                delta_RFC
 .bss.oldADC    0x0000000020000412        0x2 ./Core/Src/main.o
                0x0000000020000412                oldADC
 .bss.uwTick    0x0000000020000414        0x4 ./Drivers/STM32F4xx_HAL_Driver/Src/stm32f4xx_hal.o
                0x0000000020000414                uwTick
 *(COMMON)
                0x0000000020000418                . = ALIGN (0x4)
                0x0000000020000418                _ebss = .
                0x0000000020000418                __bss_end__ = _ebss

._user_heap_stack
                0x0000000020000418      0x600 load address 0x0000000008005850
                0x0000000020000418                . = ALIGN (0x8)
                [!provide]                        PROVIDE (end = .)
                0x0000000020000418                PROVIDE (_end = .)
                0x0000000020000618                . = (. + _Min_Heap_Size)
 *fill*         0x0000000020000418      0x200 
                0x0000000020000a18                . = (. + _Min_Stack_Size)
 *fill*         0x0000000020000618      0x400 
                0x0000000020000a18                . = ALIGN (0x8)

/DISCARD/
 libc.a(*)
 libm.a(*)
 libgcc.a(*)

.ARM.attributes
                0x0000000000000000       0x30
 *(.ARM.attributes)
 .ARM.attributes
                0x0000000000000000       0x1e e:/st/stm32cubeide_1.4.0/stm32cubeide/plugins/com.st.stm32cube.ide.mcu.externaltools.gnu-tools-for-stm32.10.3-2021.10.win32_1.0.0.202111181127/tools/bin/../lib/gcc/arm-none-eabi/10.3.1/thumb/v7e-m+fp/hard/crti.o
 .ARM.attributes
                0x000000000000001e       0x34 e:/st/stm32cubeide_1.4.0/stm32cubeide/plugins/com.st.stm32cube.ide.mcu.externaltools.gnu-tools-for-stm32.10.3-2021.10.win32_1.0.0.202111181127/tools/bin/../lib/gcc/arm-none-eabi/10.3.1/thumb/v7e-m+fp/hard/crtbegin.o
 .ARM.attributes
                0x0000000000000052       0x34 ./Core/Src/IMU50.o
 .ARM.attributes
                0x0000000000000086       0x34 ./Core/Src/kalman.o
 .ARM.attributes
                0x00000000000000ba       0x34 ./Core/Src/main.o
 .ARM.attributes
                0x00000000000000ee       0x34 ./Core/Src/stm32f4xx_hal_msp.o
 .ARM.attributes
                0x0000000000000122       0x34 ./Core/Src/stm32f4xx_it.o
 .ARM.attributes
                0x0000000000000156       0x34 ./Core/Src/system_stm32f4xx.o
 .ARM.attributes
                0x000000000000018a       0x21 ./Core/Startup/startup_stm32f411vetx.o
 .ARM.attributes
                0x00000000000001ab       0x34 ./Drivers/STM32F4xx_HAL_Driver/Src/stm32f4xx_hal.o
 .ARM.attributes
                0x00000000000001df       0x34 ./Drivers/STM32F4xx_HAL_Driver/Src/stm32f4xx_hal_adc.o
 .ARM.attributes
                0x0000000000000213       0x34 ./Drivers/STM32F4xx_HAL_Driver/Src/stm32f4xx_hal_cortex.o
 .ARM.attributes
                0x0000000000000247       0x34 ./Drivers/STM32F4xx_HAL_Driver/Src/stm32f4xx_hal_dma.o
 .ARM.attributes
                0x000000000000027b       0x34 ./Drivers/STM32F4xx_HAL_Driver/Src/stm32f4xx_hal_gpio.o
 .ARM.attributes
                0x00000000000002af       0x34 ./Drivers/STM32F4xx_HAL_Driver/Src/stm32f4xx_hal_rcc.o
 .ARM.attributes
                0x00000000000002e3       0x34 ./Drivers/STM32F4xx_HAL_Driver/Src/stm32f4xx_hal_tim.o
 .ARM.attributes
                0x0000000000000317       0x34 ./Drivers/STM32F4xx_HAL_Driver/Src/stm32f4xx_hal_tim_ex.o
 .ARM.attributes
                0x000000000000034b       0x34 ./Drivers/STM32F4xx_HAL_Driver/Src/stm32f4xx_hal_uart.o
 .ARM.attributes
                0x000000000000037f       0x34 e:/st/stm32cubeide_1.4.0/stm32cubeide/plugins/com.st.stm32cube.ide.mcu.externaltools.gnu-tools-for-stm32.10.3-2021.10.win32_1.0.0.202111181127/tools/bin/../lib/gcc/arm-none-eabi/10.3.1/../../../../arm-none-eabi/lib/thumb/v7e-m+fp/hard\libc_nano.a(lib_a-init.o)
 .ARM.attributes
                0x00000000000003b3       0x34 e:/st/stm32cubeide_1.4.0/stm32cubeide/plugins/com.st.stm32cube.ide.mcu.externaltools.gnu-tools-for-stm32.10.3-2021.10.win32_1.0.0.202111181127/tools/bin/../lib/gcc/arm-none-eabi/10.3.1/../../../../arm-none-eabi/lib/thumb/v7e-m+fp/hard\libc_nano.a(lib_a-memcpy-stub.o)
 .ARM.attributes
                0x00000000000003e7       0x34 e:/st/stm32cubeide_1.4.0/stm32cubeide/plugins/com.st.stm32cube.ide.mcu.externaltools.gnu-tools-for-stm32.10.3-2021.10.win32_1.0.0.202111181127/tools/bin/../lib/gcc/arm-none-eabi/10.3.1/../../../../arm-none-eabi/lib/thumb/v7e-m+fp/hard\libc_nano.a(lib_a-memset.o)
 .ARM.attributes
                0x000000000000041b       0x1e e:/st/stm32cubeide_1.4.0/stm32cubeide/plugins/com.st.stm32cube.ide.mcu.externaltools.gnu-tools-for-stm32.10.3-2021.10.win32_1.0.0.202111181127/tools/bin/../lib/gcc/arm-none-eabi/10.3.1/thumb/v7e-m+fp/hard\libgcc.a(_arm_muldf3.o)
 .ARM.attributes
                0x0000000000000439       0x1e e:/st/stm32cubeide_1.4.0/stm32cubeide/plugins/com.st.stm32cube.ide.mcu.externaltools.gnu-tools-for-stm32.10.3-2021.10.win32_1.0.0.202111181127/tools/bin/../lib/gcc/arm-none-eabi/10.3.1/thumb/v7e-m+fp/hard\libgcc.a(_arm_addsubdf3.o)
 .ARM.attributes
                0x0000000000000457       0x1e e:/st/stm32cubeide_1.4.0/stm32cubeide/plugins/com.st.stm32cube.ide.mcu.externaltools.gnu-tools-for-stm32.10.3-2021.10.win32_1.0.0.202111181127/tools/bin/../lib/gcc/arm-none-eabi/10.3.1/thumb/v7e-m+fp/hard\libgcc.a(_arm_truncdfsf2.o)
 .ARM.attributes
                0x0000000000000475       0x1e e:/st/stm32cubeide_1.4.0/stm32cubeide/plugins/com.st.stm32cube.ide.mcu.externaltools.gnu-tools-for-stm32.10.3-2021.10.win32_1.0.0.202111181127/tools/bin/../lib/gcc/arm-none-eabi/10.3.1/thumb/v7e-m+fp/hard\libgcc.a(_aeabi_uldivmod.o)
 .ARM.attributes
                0x0000000000000493       0x34 e:/st/stm32cubeide_1.4.0/stm32cubeide/plugins/com.st.stm32cube.ide.mcu.externaltools.gnu-tools-for-stm32.10.3-2021.10.win32_1.0.0.202111181127/tools/bin/../lib/gcc/arm-none-eabi/10.3.1/thumb/v7e-m+fp/hard\libgcc.a(_udivmoddi4.o)
 .ARM.attributes
                0x00000000000004c7       0x1e e:/st/stm32cubeide_1.4.0/stm32cubeide/plugins/com.st.stm32cube.ide.mcu.externaltools.gnu-tools-for-stm32.10.3-2021.10.win32_1.0.0.202111181127/tools/bin/../lib/gcc/arm-none-eabi/10.3.1/thumb/v7e-m+fp/hard\libgcc.a(_dvmd_tls.o)
 .ARM.attributes
                0x00000000000004e5       0x1e e:/st/stm32cubeide_1.4.0/stm32cubeide/plugins/com.st.stm32cube.ide.mcu.externaltools.gnu-tools-for-stm32.10.3-2021.10.win32_1.0.0.202111181127/tools/bin/../lib/gcc/arm-none-eabi/10.3.1/thumb/v7e-m+fp/hard/crtn.o
OUTPUT(DeTaiDeDoGoc.elf elf32-littlearm)
LOAD linker stubs
LOAD e:/st/stm32cubeide_1.4.0/stm32cubeide/plugins/com.st.stm32cube.ide.mcu.externaltools.gnu-tools-for-stm32.10.3-2021.10.win32_1.0.0.202111181127/tools/bin/../lib/gcc/arm-none-eabi/10.3.1/../../../../arm-none-eabi/lib/thumb/v7e-m+fp/hard\libc.a
LOAD e:/st/stm32cubeide_1.4.0/stm32cubeide/plugins/com.st.stm32cube.ide.mcu.externaltools.gnu-tools-for-stm32.10.3-2021.10.win32_1.0.0.202111181127/tools/bin/../lib/gcc/arm-none-eabi/10.3.1/../../../../arm-none-eabi/lib/thumb/v7e-m+fp/hard\libm.a
LOAD e:/st/stm32cubeide_1.4.0/stm32cubeide/plugins/com.st.stm32cube.ide.mcu.externaltools.gnu-tools-for-stm32.10.3-2021.10.win32_1.0.0.202111181127/tools/bin/../lib/gcc/arm-none-eabi/10.3.1/thumb/v7e-m+fp/hard\libgcc.a

.debug_info     0x0000000000000000     0xf6f7
 .debug_info    0x0000000000000000      0x92f ./Core/Src/IMU50.o
 .debug_info    0x000000000000092f       0xfb ./Core/Src/kalman.o
 .debug_info    0x0000000000000a2a     0x1867 ./Core/Src/main.o
 .debug_info    0x0000000000002291     0x12ec ./Core/Src/stm32f4xx_hal_msp.o
 .debug_info    0x000000000000357d      0xa65 ./Core/Src/stm32f4xx_it.o
 .debug_info    0x0000000000003fe2      0x54f ./Core/Src/system_stm32f4xx.o
 .debug_info    0x0000000000004531       0x22 ./Core/Startup/startup_stm32f411vetx.o
 .debug_info    0x0000000000004553      0x90d ./Drivers/STM32F4xx_HAL_Driver/Src/stm32f4xx_hal.o
 .debug_info    0x0000000000004e60      0xd68 ./Drivers/STM32F4xx_HAL_Driver/Src/stm32f4xx_hal_adc.o
 .debug_info    0x0000000000005bc8      0xd8b ./Drivers/STM32F4xx_HAL_Driver/Src/stm32f4xx_hal_cortex.o
 .debug_info    0x0000000000006953      0x947 ./Drivers/STM32F4xx_HAL_Driver/Src/stm32f4xx_hal_dma.o
 .debug_info    0x000000000000729a      0x78e ./Drivers/STM32F4xx_HAL_Driver/Src/stm32f4xx_hal_gpio.o
 .debug_info    0x0000000000007a28      0x98d ./Drivers/STM32F4xx_HAL_Driver/Src/stm32f4xx_hal_rcc.o
 .debug_info    0x00000000000083b5     0x2bb6 ./Drivers/STM32F4xx_HAL_Driver/Src/stm32f4xx_hal_tim.o
 .debug_info    0x000000000000af6b     0x15d8 ./Drivers/STM32F4xx_HAL_Driver/Src/stm32f4xx_hal_tim_ex.o
 .debug_info    0x000000000000c543     0x31b4 ./Drivers/STM32F4xx_HAL_Driver/Src/stm32f4xx_hal_uart.o

.debug_abbrev   0x0000000000000000     0x2142
 .debug_abbrev  0x0000000000000000      0x24f ./Core/Src/IMU50.o
 .debug_abbrev  0x000000000000024f       0xa4 ./Core/Src/kalman.o
 .debug_abbrev  0x00000000000002f3      0x360 ./Core/Src/main.o
 .debug_abbrev  0x0000000000000653      0x247 ./Core/Src/stm32f4xx_hal_msp.o
 .debug_abbrev  0x000000000000089a      0x1b6 ./Core/Src/stm32f4xx_it.o
 .debug_abbrev  0x0000000000000a50      0x116 ./Core/Src/system_stm32f4xx.o
 .debug_abbrev  0x0000000000000b66       0x12 ./Core/Startup/startup_stm32f411vetx.o
 .debug_abbrev  0x0000000000000b78      0x23e ./Drivers/STM32F4xx_HAL_Driver/Src/stm32f4xx_hal.o
 .debug_abbrev  0x0000000000000db6      0x204 ./Drivers/STM32F4xx_HAL_Driver/Src/stm32f4xx_hal_adc.o
 .debug_abbrev  0x0000000000000fba      0x316 ./Drivers/STM32F4xx_HAL_Driver/Src/stm32f4xx_hal_cortex.o
 .debug_abbrev  0x00000000000012d0      0x21b ./Drivers/STM32F4xx_HAL_Driver/Src/stm32f4xx_hal_dma.o
 .debug_abbrev  0x00000000000014eb      0x1c4 ./Drivers/STM32F4xx_HAL_Driver/Src/stm32f4xx_hal_gpio.o
 .debug_abbrev  0x00000000000016af      0x2aa ./Drivers/STM32F4xx_HAL_Driver/Src/stm32f4xx_hal_rcc.o
 .debug_abbrev  0x0000000000001959      0x26e ./Drivers/STM32F4xx_HAL_Driver/Src/stm32f4xx_hal_tim.o
 .debug_abbrev  0x0000000000001bc7      0x276 ./Drivers/STM32F4xx_HAL_Driver/Src/stm32f4xx_hal_tim_ex.o
 .debug_abbrev  0x0000000000001e3d      0x305 ./Drivers/STM32F4xx_HAL_Driver/Src/stm32f4xx_hal_uart.o

.debug_aranges  0x0000000000000000      0xdc0
 .debug_aranges
                0x0000000000000000       0x50 ./Core/Src/IMU50.o
 .debug_aranges
                0x0000000000000050       0x28 ./Core/Src/kalman.o
 .debug_aranges
                0x0000000000000078       0x80 ./Core/Src/main.o
 .debug_aranges
                0x00000000000000f8       0x50 ./Core/Src/stm32f4xx_hal_msp.o
 .debug_aranges
                0x0000000000000148       0x90 ./Core/Src/stm32f4xx_it.o
 .debug_aranges
                0x00000000000001d8       0x28 ./Core/Src/system_stm32f4xx.o
 .debug_aranges
                0x0000000000000200       0x28 ./Core/Startup/startup_stm32f411vetx.o
 .debug_aranges
                0x0000000000000228       0xf0 ./Drivers/STM32F4xx_HAL_Driver/Src/stm32f4xx_hal.o
 .debug_aranges
                0x0000000000000318       0xe8 ./Drivers/STM32F4xx_HAL_Driver/Src/stm32f4xx_hal_adc.o
 .debug_aranges
                0x0000000000000400      0x118 ./Drivers/STM32F4xx_HAL_Driver/Src/stm32f4xx_hal_cortex.o
 .debug_aranges
                0x0000000000000518       0x90 ./Drivers/STM32F4xx_HAL_Driver/Src/stm32f4xx_hal_dma.o
 .debug_aranges
                0x00000000000005a8       0x58 ./Drivers/STM32F4xx_HAL_Driver/Src/stm32f4xx_hal_gpio.o
 .debug_aranges
                0x0000000000000600       0x88 ./Drivers/STM32F4xx_HAL_Driver/Src/stm32f4xx_hal_rcc.o
 .debug_aranges
                0x0000000000000688      0x3d0 ./Drivers/STM32F4xx_HAL_Driver/Src/stm32f4xx_hal_tim.o
 .debug_aranges
                0x0000000000000a58      0x168 ./Drivers/STM32F4xx_HAL_Driver/Src/stm32f4xx_hal_tim_ex.o
 .debug_aranges
                0x0000000000000bc0      0x200 ./Drivers/STM32F4xx_HAL_Driver/Src/stm32f4xx_hal_uart.o

.debug_ranges   0x0000000000000000      0xcf8
 .debug_ranges  0x0000000000000000       0x40 ./Core/Src/IMU50.o
 .debug_ranges  0x0000000000000040       0x18 ./Core/Src/kalman.o
 .debug_ranges  0x0000000000000058       0x70 ./Core/Src/main.o
 .debug_ranges  0x00000000000000c8       0x40 ./Core/Src/stm32f4xx_hal_msp.o
 .debug_ranges  0x0000000000000108       0x80 ./Core/Src/stm32f4xx_it.o
 .debug_ranges  0x0000000000000188       0x18 ./Core/Src/system_stm32f4xx.o
 .debug_ranges  0x00000000000001a0       0x20 ./Core/Startup/startup_stm32f411vetx.o
 .debug_ranges  0x00000000000001c0       0xe0 ./Drivers/STM32F4xx_HAL_Driver/Src/stm32f4xx_hal.o
 .debug_ranges  0x00000000000002a0       0xd8 ./Drivers/STM32F4xx_HAL_Driver/Src/stm32f4xx_hal_adc.o
 .debug_ranges  0x0000000000000378      0x108 ./Drivers/STM32F4xx_HAL_Driver/Src/stm32f4xx_hal_cortex.o
 .debug_ranges  0x0000000000000480       0x80 ./Drivers/STM32F4xx_HAL_Driver/Src/stm32f4xx_hal_dma.o
 .debug_ranges  0x0000000000000500       0x48 ./Drivers/STM32F4xx_HAL_Driver/Src/stm32f4xx_hal_gpio.o
 .debug_ranges  0x0000000000000548       0x78 ./Drivers/STM32F4xx_HAL_Driver/Src/stm32f4xx_hal_rcc.o
 .debug_ranges  0x00000000000005c0      0x3c0 ./Drivers/STM32F4xx_HAL_Driver/Src/stm32f4xx_hal_tim.o
 .debug_ranges  0x0000000000000980      0x158 ./Drivers/STM32F4xx_HAL_Driver/Src/stm32f4xx_hal_tim_ex.o
 .debug_ranges  0x0000000000000ad8      0x220 ./Drivers/STM32F4xx_HAL_Driver/Src/stm32f4xx_hal_uart.o

.debug_macro    0x0000000000000000    0x17b1b
 .debug_macro   0x0000000000000000      0x399 ./Core/Src/IMU50.o
 .debug_macro   0x0000000000000399      0xa78 ./Core/Src/IMU50.o
 .debug_macro   0x0000000000000e11      0x2a1 ./Core/Src/IMU50.o
 .debug_macro   0x00000000000010b2       0x2e ./Core/Src/IMU50.o
 .debug_macro   0x00000000000010e0       0x28 ./Core/Src/IMU50.o
 .debug_macro   0x0000000000001108       0x22 ./Core/Src/IMU50.o
 .debug_macro   0x000000000000112a       0x8e ./Core/Src/IMU50.o
 .debug_macro   0x00000000000011b8       0x51 ./Core/Src/IMU50.o
 .debug_macro   0x0000000000001209      0x103 ./Core/Src/IMU50.o
 .debug_macro   0x000000000000130c       0x6a ./Core/Src/IMU50.o
 .debug_macro   0x0000000000001376      0x1df ./Core/Src/IMU50.o
 .debug_macro   0x0000000000001555       0x1c ./Core/Src/IMU50.o
 .debug_macro   0x0000000000001571       0x22 ./Core/Src/IMU50.o
 .debug_macro   0x0000000000001593       0xd9 ./Core/Src/IMU50.o
 .debug_macro   0x000000000000166c     0x102d ./Core/Src/IMU50.o
 .debug_macro   0x0000000000002699      0x11f ./Core/Src/IMU50.o
 .debug_macro   0x00000000000027b8     0xb953 ./Core/Src/IMU50.o
 .debug_macro   0x000000000000e10b       0x6d ./Core/Src/IMU50.o
 .debug_macro   0x000000000000e178     0x367e ./Core/Src/IMU50.o
 .debug_macro   0x00000000000117f6      0x174 ./Core/Src/IMU50.o
 .debug_macro   0x000000000001196a       0x5c ./Core/Src/IMU50.o
 .debug_macro   0x00000000000119c6      0x447 ./Core/Src/IMU50.o
 .debug_macro   0x0000000000011e0d      0x9fe ./Core/Src/IMU50.o
 .debug_macro   0x000000000001280b      0x115 ./Core/Src/IMU50.o
 .debug_macro   0x0000000000012920      0x11b ./Core/Src/IMU50.o
 .debug_macro   0x0000000000012a3b       0xa5 ./Core/Src/IMU50.o
 .debug_macro   0x0000000000012ae0      0x15f ./Core/Src/IMU50.o
 .debug_macro   0x0000000000012c3f      0x287 ./Core/Src/IMU50.o
 .debug_macro   0x0000000000012ec6       0x5f ./Core/Src/IMU50.o
 .debug_macro   0x0000000000012f25      0x236 ./Core/Src/IMU50.o
 .debug_macro   0x000000000001315b      0x9e1 ./Core/Src/IMU50.o
 .debug_macro   0x0000000000013b3c      0x38b ./Core/Src/IMU50.o
 .debug_macro   0x0000000000013ec7      0x17d ./Core/Src/IMU50.o
 .debug_macro   0x0000000000014044       0xf9 ./Core/Src/IMU50.o
 .debug_macro   0x000000000001413d      0x132 ./Core/Src/IMU50.o
 .debug_macro   0x000000000001426f      0x264 ./Core/Src/IMU50.o
 .debug_macro   0x00000000000144d3       0x2e ./Core/Src/IMU50.o
 .debug_macro   0x0000000000014501      0x11a ./Core/Src/IMU50.o
 .debug_macro   0x000000000001461b       0x85 ./Core/Src/IMU50.o
 .debug_macro   0x00000000000146a0       0x89 ./Core/Src/IMU50.o
 .debug_macro   0x0000000000014729      0x8e6 ./Core/Src/IMU50.o
 .debug_macro   0x000000000001500f       0x47 ./Core/Src/IMU50.o
 .debug_macro   0x0000000000015056      0x295 ./Core/Src/IMU50.o
 .debug_macro   0x00000000000152eb      0x126 ./Core/Src/IMU50.o
 .debug_macro   0x0000000000015411       0x52 ./Core/Src/IMU50.o
 .debug_macro   0x0000000000015463       0x1e ./Core/Src/IMU50.o
 .debug_macro   0x0000000000015481       0x3c ./Core/Src/IMU50.o
 .debug_macro   0x00000000000154bd       0x34 ./Core/Src/IMU50.o
 .debug_macro   0x00000000000154f1       0x16 ./Core/Src/IMU50.o
 .debug_macro   0x0000000000015507       0x35 ./Core/Src/IMU50.o
 .debug_macro   0x000000000001553c      0x341 ./Core/Src/IMU50.o
 .debug_macro   0x000000000001587d       0x10 ./Core/Src/IMU50.o
 .debug_macro   0x000000000001588d       0x16 ./Core/Src/IMU50.o
 .debug_macro   0x00000000000158a3       0x43 ./Core/Src/IMU50.o
 .debug_macro   0x00000000000158e6       0x34 ./Core/Src/IMU50.o
 .debug_macro   0x000000000001591a       0x10 ./Core/Src/IMU50.o
 .debug_macro   0x000000000001592a       0x58 ./Core/Src/IMU50.o
 .debug_macro   0x0000000000015982       0x71 ./Core/Src/IMU50.o
 .debug_macro   0x00000000000159f3       0x1c ./Core/Src/IMU50.o
 .debug_macro   0x0000000000015a0f      0x12a ./Core/Src/IMU50.o
 .debug_macro   0x0000000000015b39       0x10 ./Core/Src/IMU50.o
 .debug_macro   0x0000000000015b49       0x1c ./Core/Src/IMU50.o
 .debug_macro   0x0000000000015b65       0x52 ./Core/Src/IMU50.o
 .debug_macro   0x0000000000015bb7       0x22 ./Core/Src/IMU50.o
 .debug_macro   0x0000000000015bd9       0x10 ./Core/Src/IMU50.o
 .debug_macro   0x0000000000015be9       0x52 ./Core/Src/IMU50.o
 .debug_macro   0x0000000000015c3b       0xd5 ./Core/Src/IMU50.o
 .debug_macro   0x0000000000015d10       0x1c ./Core/Src/IMU50.o
 .debug_macro   0x0000000000015d2c       0x3d ./Core/Src/IMU50.o
 .debug_macro   0x0000000000015d69       0x16 ./Core/Src/IMU50.o
 .debug_macro   0x0000000000015d7f      0x145 ./Core/Src/IMU50.o
 .debug_macro   0x0000000000015ec4       0x16 ./Core/Src/IMU50.o
 .debug_macro   0x0000000000015eda       0x20 ./Core/Src/IMU50.o
 .debug_macro   0x0000000000015efa       0x1a ./Core/Src/kalman.o
 .debug_macro   0x0000000000015f14       0x16 ./Core/Src/kalman.o
 .debug_macro   0x0000000000015f2a      0x3b8 ./Core/Src/main.o
 .debug_macro   0x00000000000162e2      0x200 ./Core/Src/stm32f4xx_hal_msp.o
 .debug_macro   0x00000000000164e2      0x20a ./Core/Src/stm32f4xx_it.o
 .debug_macro   0x00000000000166ec      0x1f6 ./Core/Src/system_stm32f4xx.o
 .debug_macro   0x00000000000168e2      0x256 ./Drivers/STM32F4xx_HAL_Driver/Src/stm32f4xx_hal.o
 .debug_macro   0x0000000000016b38      0x1f7 ./Drivers/STM32F4xx_HAL_Driver/Src/stm32f4xx_hal_adc.o
 .debug_macro   0x0000000000016d2f      0x1f6 ./Drivers/STM32F4xx_HAL_Driver/Src/stm32f4xx_hal_cortex.o
 .debug_macro   0x0000000000016f25      0x1fc ./Drivers/STM32F4xx_HAL_Driver/Src/stm32f4xx_hal_dma.o
 .debug_macro   0x0000000000017121      0x1fc ./Drivers/STM32F4xx_HAL_Driver/Src/stm32f4xx_hal_gpio.o
 .debug_macro   0x000000000001731d      0x21a ./Drivers/STM32F4xx_HAL_Driver/Src/stm32f4xx_hal_rcc.o
 .debug_macro   0x0000000000017537      0x1f7 ./Drivers/STM32F4xx_HAL_Driver/Src/stm32f4xx_hal_tim.o
 .debug_macro   0x000000000001772e      0x1f6 ./Drivers/STM32F4xx_HAL_Driver/Src/stm32f4xx_hal_tim_ex.o
 .debug_macro   0x0000000000017924      0x1f7 ./Drivers/STM32F4xx_HAL_Driver/Src/stm32f4xx_hal_uart.o

.debug_line     0x0000000000000000     0xf93b
 .debug_line    0x0000000000000000      0xb6a ./Core/Src/IMU50.o
 .debug_line    0x0000000000000b6a       0xbb ./Core/Src/kalman.o
 .debug_line    0x0000000000000c25      0xbaa ./Core/Src/main.o
 .debug_line    0x00000000000017cf      0x87b ./Core/Src/stm32f4xx_hal_msp.o
 .debug_line    0x000000000000204a      0x851 ./Core/Src/stm32f4xx_it.o
 .debug_line    0x000000000000289b      0x780 ./Core/Src/system_stm32f4xx.o
 .debug_line    0x000000000000301b       0x88 ./Core/Startup/startup_stm32f411vetx.o
 .debug_line    0x00000000000030a3      0x9e6 ./Drivers/STM32F4xx_HAL_Driver/Src/stm32f4xx_hal.o
 .debug_line    0x0000000000003a89     0x1196 ./Drivers/STM32F4xx_HAL_Driver/Src/stm32f4xx_hal_adc.o
 .debug_line    0x0000000000004c1f      0xc95 ./Drivers/STM32F4xx_HAL_Driver/Src/stm32f4xx_hal_cortex.o
 .debug_line    0x00000000000058b4      0xf4a ./Drivers/STM32F4xx_HAL_Driver/Src/stm32f4xx_hal_dma.o
 .debug_line    0x00000000000067fe      0xb1e ./Drivers/STM32F4xx_HAL_Driver/Src/stm32f4xx_hal_gpio.o
 .debug_line    0x000000000000731c      0xd62 ./Drivers/STM32F4xx_HAL_Driver/Src/stm32f4xx_hal_rcc.o
 .debug_line    0x000000000000807e     0x34b4 ./Drivers/STM32F4xx_HAL_Driver/Src/stm32f4xx_hal_tim.o
 .debug_line    0x000000000000b532     0x197e ./Drivers/STM32F4xx_HAL_Driver/Src/stm32f4xx_hal_tim_ex.o
 .debug_line    0x000000000000ceb0     0x2a8b ./Drivers/STM32F4xx_HAL_Driver/Src/stm32f4xx_hal_uart.o

.debug_str      0x0000000000000000    0x99e06
 .debug_str     0x0000000000000000    0x961e3 ./Core/Src/IMU50.o
                                      0x964cf (size before relaxing)
 .debug_str     0x00000000000961e3       0x52 ./Core/Src/kalman.o
                                       0x2d11 (size before relaxing)
 .debug_str     0x0000000000096235      0xdb2 ./Core/Src/main.o
                                      0x9724c (size before relaxing)
 .debug_str     0x0000000000096fe7      0x15e ./Core/Src/stm32f4xx_hal_msp.o
                                      0x93013 (size before relaxing)
 .debug_str     0x0000000000097145      0x17f ./Core/Src/stm32f4xx_it.o
                                      0x92994 (size before relaxing)
 .debug_str     0x00000000000972c4       0xdb ./Core/Src/system_stm32f4xx.o
                                      0x922ae (size before relaxing)
 .debug_str     0x000000000009739f       0x36 ./Core/Startup/startup_stm32f411vetx.o
                                         0x67 (size before relaxing)
 .debug_str     0x00000000000973d5      0x60d ./Drivers/STM32F4xx_HAL_Driver/Src/stm32f4xx_hal.o
                                      0x92cda (size before relaxing)
 .debug_str     0x00000000000979e2      0x2a0 ./Drivers/STM32F4xx_HAL_Driver/Src/stm32f4xx_hal_adc.o
                                      0x92889 (size before relaxing)
 .debug_str     0x0000000000097c82      0x326 ./Drivers/STM32F4xx_HAL_Driver/Src/stm32f4xx_hal_cortex.o
                                      0x929fb (size before relaxing)
 .debug_str     0x0000000000097fa8      0x2d5 ./Drivers/STM32F4xx_HAL_Driver/Src/stm32f4xx_hal_dma.o
                                      0x926b6 (size before relaxing)
 .debug_str     0x000000000009827d      0x15d ./Drivers/STM32F4xx_HAL_Driver/Src/stm32f4xx_hal_gpio.o
                                      0x92429 (size before relaxing)
 .debug_str     0x00000000000983da      0x233 ./Drivers/STM32F4xx_HAL_Driver/Src/stm32f4xx_hal_rcc.o
                                      0x926e2 (size before relaxing)
 .debug_str     0x000000000009860d      0xdce ./Drivers/STM32F4xx_HAL_Driver/Src/stm32f4xx_hal_tim.o
                                      0x93616 (size before relaxing)
 .debug_str     0x00000000000993db      0x493 ./Drivers/STM32F4xx_HAL_Driver/Src/stm32f4xx_hal_tim_ex.o
                                      0x92e32 (size before relaxing)
 .debug_str     0x000000000009986e      0x598 ./Drivers/STM32F4xx_HAL_Driver/Src/stm32f4xx_hal_uart.o
                                      0x92c6f (size before relaxing)

.comment        0x0000000000000000       0x50
 .comment       0x0000000000000000       0x50 ./Core/Src/IMU50.o
                                         0x51 (size before relaxing)
 .comment       0x0000000000000050       0x51 ./Core/Src/kalman.o
 .comment       0x0000000000000050       0x51 ./Core/Src/main.o
 .comment       0x0000000000000050       0x51 ./Core/Src/stm32f4xx_hal_msp.o
 .comment       0x0000000000000050       0x51 ./Core/Src/stm32f4xx_it.o
 .comment       0x0000000000000050       0x51 ./Core/Src/system_stm32f4xx.o
 .comment       0x0000000000000050       0x51 ./Drivers/STM32F4xx_HAL_Driver/Src/stm32f4xx_hal.o
 .comment       0x0000000000000050       0x51 ./Drivers/STM32F4xx_HAL_Driver/Src/stm32f4xx_hal_adc.o
 .comment       0x0000000000000050       0x51 ./Drivers/STM32F4xx_HAL_Driver/Src/stm32f4xx_hal_cortex.o
 .comment       0x0000000000000050       0x51 ./Drivers/STM32F4xx_HAL_Driver/Src/stm32f4xx_hal_dma.o
 .comment       0x0000000000000050       0x51 ./Drivers/STM32F4xx_HAL_Driver/Src/stm32f4xx_hal_gpio.o
 .comment       0x0000000000000050       0x51 ./Drivers/STM32F4xx_HAL_Driver/Src/stm32f4xx_hal_rcc.o
 .comment       0x0000000000000050       0x51 ./Drivers/STM32F4xx_HAL_Driver/Src/stm32f4xx_hal_tim.o
 .comment       0x0000000000000050       0x51 ./Drivers/STM32F4xx_HAL_Driver/Src/stm32f4xx_hal_tim_ex.o
 .comment       0x0000000000000050       0x51 ./Drivers/STM32F4xx_HAL_Driver/Src/stm32f4xx_hal_uart.o

.debug_frame    0x0000000000000000     0x3aac
 .debug_frame   0x0000000000000000       0xf4 ./Core/Src/IMU50.o
 .debug_frame   0x00000000000000f4       0x58 ./Core/Src/kalman.o
 .debug_frame   0x000000000000014c      0x1c0 ./Core/Src/main.o
 .debug_frame   0x000000000000030c      0x110 ./Core/Src/stm32f4xx_hal_msp.o
 .debug_frame   0x000000000000041c      0x1ac ./Core/Src/stm32f4xx_it.o
 .debug_frame   0x00000000000005c8       0x58 ./Core/Src/system_stm32f4xx.o
 .debug_frame   0x0000000000000620      0x374 ./Drivers/STM32F4xx_HAL_Driver/Src/stm32f4xx_hal.o
 .debug_frame   0x0000000000000994      0x3fc ./Drivers/STM32F4xx_HAL_Driver/Src/stm32f4xx_hal_adc.o
 .debug_frame   0x0000000000000d90      0x498 ./Drivers/STM32F4xx_HAL_Driver/Src/stm32f4xx_hal_cortex.o
 .debug_frame   0x0000000000001228      0x250 ./Drivers/STM32F4xx_HAL_Driver/Src/stm32f4xx_hal_dma.o
 .debug_frame   0x0000000000001478      0x14c ./Drivers/STM32F4xx_HAL_Driver/Src/stm32f4xx_hal_gpio.o
 .debug_frame   0x00000000000015c4      0x1f4 ./Drivers/STM32F4xx_HAL_Driver/Src/stm32f4xx_hal_rcc.o
 .debug_frame   0x00000000000017b8     0x11bc ./Drivers/STM32F4xx_HAL_Driver/Src/stm32f4xx_hal_tim.o
 .debug_frame   0x0000000000002974      0x638 ./Drivers/STM32F4xx_HAL_Driver/Src/stm32f4xx_hal_tim_ex.o
 .debug_frame   0x0000000000002fac      0x92c ./Drivers/STM32F4xx_HAL_Driver/Src/stm32f4xx_hal_uart.o
 .debug_frame   0x00000000000038d8       0x2c e:/st/stm32cubeide_1.4.0/stm32cubeide/plugins/com.st.stm32cube.ide.mcu.externaltools.gnu-tools-for-stm32.10.3-2021.10.win32_1.0.0.202111181127/tools/bin/../lib/gcc/arm-none-eabi/10.3.1/../../../../arm-none-eabi/lib/thumb/v7e-m+fp/hard\libc_nano.a(lib_a-init.o)
 .debug_frame   0x0000000000003904       0x28 e:/st/stm32cubeide_1.4.0/stm32cubeide/plugins/com.st.stm32cube.ide.mcu.externaltools.gnu-tools-for-stm32.10.3-2021.10.win32_1.0.0.202111181127/tools/bin/../lib/gcc/arm-none-eabi/10.3.1/../../../../arm-none-eabi/lib/thumb/v7e-m+fp/hard\libc_nano.a(lib_a-memcpy-stub.o)
 .debug_frame   0x000000000000392c       0x20 e:/st/stm32cubeide_1.4.0/stm32cubeide/plugins/com.st.stm32cube.ide.mcu.externaltools.gnu-tools-for-stm32.10.3-2021.10.win32_1.0.0.202111181127/tools/bin/../lib/gcc/arm-none-eabi/10.3.1/../../../../arm-none-eabi/lib/thumb/v7e-m+fp/hard\libc_nano.a(lib_a-memset.o)
 .debug_frame   0x000000000000394c       0x30 e:/st/stm32cubeide_1.4.0/stm32cubeide/plugins/com.st.stm32cube.ide.mcu.externaltools.gnu-tools-for-stm32.10.3-2021.10.win32_1.0.0.202111181127/tools/bin/../lib/gcc/arm-none-eabi/10.3.1/thumb/v7e-m+fp/hard\libgcc.a(_arm_muldf3.o)
 .debug_frame   0x000000000000397c       0xac e:/st/stm32cubeide_1.4.0/stm32cubeide/plugins/com.st.stm32cube.ide.mcu.externaltools.gnu-tools-for-stm32.10.3-2021.10.win32_1.0.0.202111181127/tools/bin/../lib/gcc/arm-none-eabi/10.3.1/thumb/v7e-m+fp/hard\libgcc.a(_arm_addsubdf3.o)
 .debug_frame   0x0000000000003a28       0x24 e:/st/stm32cubeide_1.4.0/stm32cubeide/plugins/com.st.stm32cube.ide.mcu.externaltools.gnu-tools-for-stm32.10.3-2021.10.win32_1.0.0.202111181127/tools/bin/../lib/gcc/arm-none-eabi/10.3.1/thumb/v7e-m+fp/hard\libgcc.a(_arm_truncdfsf2.o)
 .debug_frame   0x0000000000003a4c       0x2c e:/st/stm32cubeide_1.4.0/stm32cubeide/plugins/com.st.stm32cube.ide.mcu.externaltools.gnu-tools-for-stm32.10.3-2021.10.win32_1.0.0.202111181127/tools/bin/../lib/gcc/arm-none-eabi/10.3.1/thumb/v7e-m+fp/hard\libgcc.a(_aeabi_uldivmod.o)
 .debug_frame   0x0000000000003a78       0x34 e:/st/stm32cubeide_1.4.0/stm32cubeide/plugins/com.st.stm32cube.ide.mcu.externaltools.gnu-tools-for-stm32.10.3-2021.10.win32_1.0.0.202111181127/tools/bin/../lib/gcc/arm-none-eabi/10.3.1/thumb/v7e-m+fp/hard\libgcc.a(_udivmoddi4.o)
