Archive member included to satisfy reference by file (symbol)

e:/st/stm32cubeide_1.4.0/stm32cubeide/plugins/com.st.stm32cube.ide.mcu.externaltools.gnu-tools-for-stm32.10.3-2021.10.win32_1.0.0.202111181127/tools/bin/../lib/gcc/arm-none-eabi/10.3.1/../../../../arm-none-eabi/lib/thumb/v7e-m+fp/hard\libc_nano.a(lib_a-errno.o)
                              ./Core/Src/syscalls.o (__errno)
e:/st/stm32cubeide_1.4.0/stm32cubeide/plugins/com.st.stm32cube.ide.mcu.externaltools.gnu-tools-for-stm32.10.3-2021.10.win32_1.0.0.202111181127/tools/bin/../lib/gcc/arm-none-eabi/10.3.1/../../../../arm-none-eabi/lib/thumb/v7e-m+fp/hard\libc_nano.a(lib_a-exit.o)
                              e:/st/stm32cubeide_1.4.0/stm32cubeide/plugins/com.st.stm32cube.ide.mcu.externaltools.gnu-tools-for-stm32.10.3-2021.10.win32_1.0.0.202111181127/tools/bin/../lib/gcc/arm-none-eabi/10.3.1/../../../../arm-none-eabi/lib/thumb/v7e-m+fp/hard/crt0.o (exit)
e:/st/stm32cubeide_1.4.0/stm32cubeide/plugins/com.st.stm32cube.ide.mcu.externaltools.gnu-tools-for-stm32.10.3-2021.10.win32_1.0.0.202111181127/tools/bin/../lib/gcc/arm-none-eabi/10.3.1/../../../../arm-none-eabi/lib/thumb/v7e-m+fp/hard\libc_nano.a(lib_a-impure.o)
                              e:/st/stm32cubeide_1.4.0/stm32cubeide/plugins/com.st.stm32cube.ide.mcu.externaltools.gnu-tools-for-stm32.10.3-2021.10.win32_1.0.0.202111181127/tools/bin/../lib/gcc/arm-none-eabi/10.3.1/../../../../arm-none-eabi/lib/thumb/v7e-m+fp/hard\libc_nano.a(lib_a-exit.o) (_global_impure_ptr)
e:/st/stm32cubeide_1.4.0/stm32cubeide/plugins/com.st.stm32cube.ide.mcu.externaltools.gnu-tools-for-stm32.10.3-2021.10.win32_1.0.0.202111181127/tools/bin/../lib/gcc/arm-none-eabi/10.3.1/../../../../arm-none-eabi/lib/thumb/v7e-m+fp/hard\libc_nano.a(lib_a-init.o)
                              e:/st/stm32cubeide_1.4.0/stm32cubeide/plugins/com.st.stm32cube.ide.mcu.externaltools.gnu-tools-for-stm32.10.3-2021.10.win32_1.0.0.202111181127/tools/bin/../lib/gcc/arm-none-eabi/10.3.1/../../../../arm-none-eabi/lib/thumb/v7e-m+fp/hard/crt0.o (__libc_init_array)
e:/st/stm32cubeide_1.4.0/stm32cubeide/plugins/com.st.stm32cube.ide.mcu.externaltools.gnu-tools-for-stm32.10.3-2021.10.win32_1.0.0.202111181127/tools/bin/../lib/gcc/arm-none-eabi/10.3.1/../../../../arm-none-eabi/lib/thumb/v7e-m+fp/hard\libc_nano.a(lib_a-memcpy-stub.o)
                              ./Core/Src/IMU50.o (memcpy)
e:/st/stm32cubeide_1.4.0/stm32cubeide/plugins/com.st.stm32cube.ide.mcu.externaltools.gnu-tools-for-stm32.10.3-2021.10.win32_1.0.0.202111181127/tools/bin/../lib/gcc/arm-none-eabi/10.3.1/../../../../arm-none-eabi/lib/thumb/v7e-m+fp/hard\libc_nano.a(lib_a-memset.o)
                              e:/st/stm32cubeide_1.4.0/stm32cubeide/plugins/com.st.stm32cube.ide.mcu.externaltools.gnu-tools-for-stm32.10.3-2021.10.win32_1.0.0.202111181127/tools/bin/../lib/gcc/arm-none-eabi/10.3.1/../../../../arm-none-eabi/lib/thumb/v7e-m+fp/hard/crt0.o (memset)
e:/st/stm32cubeide_1.4.0/stm32cubeide/plugins/com.st.stm32cube.ide.mcu.externaltools.gnu-tools-for-stm32.10.3-2021.10.win32_1.0.0.202111181127/tools/bin/../lib/gcc/arm-none-eabi/10.3.1/thumb/v7e-m+fp/hard\libgcc.a(_arm_muldf3.o)
                              ./Core/Src/IMU50.o (__aeabi_dmul)
e:/st/stm32cubeide_1.4.0/stm32cubeide/plugins/com.st.stm32cube.ide.mcu.externaltools.gnu-tools-for-stm32.10.3-2021.10.win32_1.0.0.202111181127/tools/bin/../lib/gcc/arm-none-eabi/10.3.1/thumb/v7e-m+fp/hard\libgcc.a(_arm_addsubdf3.o)
                              ./Core/Src/IMU50.o (__aeabi_dadd)
e:/st/stm32cubeide_1.4.0/stm32cubeide/plugins/com.st.stm32cube.ide.mcu.externaltools.gnu-tools-for-stm32.10.3-2021.10.win32_1.0.0.202111181127/tools/bin/../lib/gcc/arm-none-eabi/10.3.1/thumb/v7e-m+fp/hard\libgcc.a(_arm_truncdfsf2.o)
                              ./Core/Src/IMU50.o (__aeabi_d2f)
e:/st/stm32cubeide_1.4.0/stm32cubeide/plugins/com.st.stm32cube.ide.mcu.externaltools.gnu-tools-for-stm32.10.3-2021.10.win32_1.0.0.202111181127/tools/bin/../lib/gcc/arm-none-eabi/10.3.1/thumb/v7e-m+fp/hard\libgcc.a(_aeabi_uldivmod.o)
                              ./Drivers/STM32F4xx_HAL_Driver/Src/stm32f4xx_hal_rcc.o (__aeabi_uldivmod)
e:/st/stm32cubeide_1.4.0/stm32cubeide/plugins/com.st.stm32cube.ide.mcu.externaltools.gnu-tools-for-stm32.10.3-2021.10.win32_1.0.0.202111181127/tools/bin/../lib/gcc/arm-none-eabi/10.3.1/thumb/v7e-m+fp/hard\libgcc.a(_udivmoddi4.o)
                              e:/st/stm32cubeide_1.4.0/stm32cubeide/plugins/com.st.stm32cube.ide.mcu.externaltools.gnu-tools-for-stm32.10.3-2021.10.win32_1.0.0.202111181127/tools/bin/../lib/gcc/arm-none-eabi/10.3.1/thumb/v7e-m+fp/hard\libgcc.a(_aeabi_uldivmod.o) (__udivmoddi4)
e:/st/stm32cubeide_1.4.0/stm32cubeide/plugins/com.st.stm32cube.ide.mcu.externaltools.gnu-tools-for-stm32.10.3-2021.10.win32_1.0.0.202111181127/tools/bin/../lib/gcc/arm-none-eabi/10.3.1/thumb/v7e-m+fp/hard\libgcc.a(_dvmd_tls.o)
[...]
Memory Configuration

Name             Origin             Length             Attributes
CCMRAM           0x0000000010000000 0x0000000000010000 xrw
RAM              0x0000000020000000 0x0000000000020000 xrw
FLASH            0x0000000008000000 0x0000000000100000 xr
*default*        0x0000000000000000 0xffffffffffffffff

Linker script and memory map

LOAD e:/st/stm32cubeide_1.4.0/stm32cubeide/plugins/com.st.stm32cube.ide.mcu.externaltools.gnu-tools-for-stm32.10.3-2021.10.win32_1.0.0.202111181127/tools/bin/../lib/gcc/arm-none-eabi/10.3.1/thumb/v7e-m+fp/hard/crti.o
LOAD e:/st/stm32cubeide_1.4.0/stm32cubeide/plugins/com.st.stm32cube.ide.mcu.externaltools.gnu-tools-for-stm32.10.3-2021.10.win32_1.0.0.202111181127/tools/bin/../lib/gcc/arm-none-eabi/10.3.1/thumb/v7e-m+fp/hard/crtbegin.o
LOAD e:/st/stm32cubeide_1.4.0/stm32cubeide/plugins/com.st.stm32cube.ide.mcu.externaltools.gnu-tools-for-stm32.10.3-2021.10.win32_1.0.0.202111181127/tools/bin/../lib/gcc/arm-none-eabi/10.3.1/../../../../arm-none-eabi/lib/thumb/v7e-m+fp/hard/crt0.o
LOAD ./Core/Src/IMU50.o
LOAD ./Core/Src/main.o
LOAD ./Core/Src/stm32f4xx_hal_msp.o
LOAD ./Core/Src/stm32f4xx_it.o
LOAD ./Core/Src/syscalls.o
LOAD ./Core/Src/sysmem.o
LOAD ./Core/Src/system_stm32f4xx.o
LOAD ./Core/Startup/startup_stm32f407vgtx.o
LOAD ./Drivers/STM32F4xx_HAL_Driver/Src/stm32f4xx_hal.o
LOAD ./Drivers/STM32F4xx_HAL_Driver/Src/stm32f4xx_hal_adc.o
LOAD ./Drivers/STM32F4xx_HAL_Driver/Src/stm32f4xx_hal_adc_ex.o
LOAD ./Drivers/STM32F4xx_HAL_Driver/Src/stm32f4xx_hal_cortex.o
LOAD ./Drivers/STM32F4xx_HAL_Driver/Src/stm32f4xx_hal_dma.o
LOAD ./Drivers/STM32F4xx_HAL_Driver/Src/stm32f4xx_hal_dma_ex.o
LOAD ./Drivers/STM32F4xx_HAL_Driver/Src/stm32f4xx_hal_exti.o
LOAD ./Drivers/STM32F4xx_HAL_Driver/Src/stm32f4xx_hal_flash.o
LOAD ./Drivers/STM32F4xx_HAL_Driver/Src/stm32f4xx_hal_flash_ex.o
LOAD ./Drivers/STM32F4xx_HAL_Driver/Src/stm32f4xx_hal_flash_ramfunc.o
LOAD ./Drivers/STM32F4xx_HAL_Driver/Src/stm32f4xx_hal_gpio.o
LOAD ./Drivers/STM32F4xx_HAL_Driver/Src/stm32f4xx_hal_pwr.o
LOAD ./Drivers/STM32F4xx_HAL_Driver/Src/stm32f4xx_hal_pwr_ex.o
LOAD ./Drivers/STM32F4xx_HAL_Driver/Src/stm32f4xx_hal_rcc.o
LOAD ./Drivers/STM32F4xx_HAL_Driver/Src/stm32f4xx_hal_rcc_ex.o
LOAD ./Drivers/STM32F4xx_HAL_Driver/Src/stm32f4xx_hal_tim.o
LOAD ./Drivers/STM32F4xx_HAL_Driver/Src/stm32f4xx_hal_tim_ex.o
LOAD ./Drivers/STM32F4xx_HAL_Driver/Src/stm32f4xx_hal_uart.o
LOAD ./Drivers/STM32F4xx_HAL_Driver/Src/stm32f4xx_ll_adc.o
START GROUP
LOAD e:/st/stm32cubeide_1.4.0/stm32cubeide/plugins/com.st.stm32cube.ide.mcu.externaltools.gnu-tools-for-stm32.10.3-2021.10.win32_1.0.0.202111181127/tools/bin/../lib/gcc/arm-none-eabi/10.3.1/../../../../arm-none-eabi/lib/thumb/v7e-m+fp/hard\libc_nano.a
LOAD e:/st/stm32cubeide_1.4.0/stm32cubeide/plugins/com.st.stm32cube.ide.mcu.externaltools.gnu-tools-for-stm32.10.3-2021.10.win32_1.0.0.202111181127/tools/bin/../lib/gcc/arm-none-eabi/10.3.1/../../../../arm-none-eabi/lib/thumb/v7e-m+fp/hard\libm.a
END GROUP
START GROUP
LOAD e:/st/stm32cubeide_1.4.0/stm32cubeide/plugins/com.st.stm32cube.ide.mcu.externaltools.gnu-tools-for-stm32.10.3-2021.10.win32_1.0.0.202111181127/tools/bin/../lib/gcc/arm-none-eabi/10.3.1/thumb/v7e-m+fp/hard\libgcc.a
LOAD e:/st/stm32cubeide_1.4.0/stm32cubeide/plugins/com.st.stm32cube.ide.mcu.externaltools.gnu-tools-for-stm32.10.3-2021.10.win32_1.0.0.202111181127/tools/bin/../lib/gcc/arm-none-eabi/10.3.1/../../../../arm-none-eabi/lib/thumb/v7e-m+fp/hard\libc_nano.a
END GROUP
START GROUP
LOAD e:/st/stm32cubeide_1.4.0/stm32cubeide/plugins/com.st.stm32cube.ide.mcu.externaltools.gnu-tools-for-stm32.10.3-2021.10.win32_1.0.0.202111181127/tools/bin/../lib/gcc/arm-none-eabi/10.3.1/thumb/v7e-m+fp/hard\libgcc.a
LOAD e:/st/stm32cubeide_1.4.0/stm32cubeide/plugins/com.st.stm32cube.ide.mcu.externaltools.gnu-tools-for-stm32.10.3-2021.10.win32_1.0.0.202111181127/tools/bin/../lib/gcc/arm-none-eabi/10.3.1/../../../../arm-none-eabi/lib/thumb/v7e-m+fp/hard\libc_nano.a
LOAD e:/st/stm32cubeide_1.4.0/stm32cubeide/plugins/com.st.stm32cube.ide.mcu.externaltools.gnu-tools-for-stm32.10.3-2021.10.win32_1.0.0.202111181127/tools/bin/../lib/gcc/arm-none-eabi/10.3.1/../../../../arm-none-eabi/lib/thumb/v7e-m+fp/hard\libnosys.a
END GROUP
START GROUP
LOAD e:/st/stm32cubeide_1.4.0/stm32cubeide/plugins/com.st.stm32cube.ide.mcu.externaltools.gnu-tools-for-stm32.10.3-2021.10.win32_1.0.0.202111181127/tools/bin/../lib/gcc/arm-none-eabi/10.3.1/thumb/v7e-m+fp/hard\libgcc.a
LOAD e:/st/stm32cubeide_1.4.0/stm32cubeide/plugins/com.st.stm32cube.ide.mcu.externaltools.gnu-tools-for-stm32.10.3-2021.10.win32_1.0.0.202111181127/tools/bin/../lib/gcc/arm-none-eabi/10.3.1/../../../../arm-none-eabi/lib/thumb/v7e-m+fp/hard\libc_nano.a
LOAD e:/st/stm32cubeide_1.4.0/stm32cubeide/plugins/com.st.stm32cube.ide.mcu.externaltools.gnu-tools-for-stm32.10.3-2021.10.win32_1.0.0.202111181127/tools/bin/../lib/gcc/arm-none-eabi/10.3.1/../../../../arm-none-eabi/lib/thumb/v7e-m+fp/hard\libnosys.a
END GROUP
LOAD e:/st/stm32cubeide_1.4.0/stm32cubeide/plugins/com.st.stm32cube.ide.mcu.externaltools.gnu-tools-for-stm32.10.3-2021.10.win32_1.0.0.202111181127/tools/bin/../lib/gcc/arm-none-eabi/10.3.1/thumb/v7e-m+fp/hard/crtend.o
LOAD e:/st/stm32cubeide_1.4.0/stm32cubeide/plugins/com.st.stm32cube.ide.mcu.externaltools.gnu-tools-for-stm32.10.3-2021.10.win32_1.0.0.202111181127/tools/bin/../lib/gcc/arm-none-eabi/10.3.1/thumb/v7e-m+fp/hard/crtn.o
                0x0000000020020000                _estack = (ORIGIN (RAM) + LENGTH (RAM))
                0x0000000000000200                _Min_Heap_Size = 0x200
                0x0000000000000400                _Min_Stack_Size = 0x400

.isr_vector     0x0000000008000000      0x188
                0x0000000008000000                . = ALIGN (0x4)
 *(.isr_vector)
 .isr_vector    0x0000000008000000      0x188 ./Core/Startup/startup_stm32f407vgtx.o
                0x0000000008000000                g_pfnVectors
                0x0000000008000188                . = ALIGN (0x4)

.text           0x0000000008000188     0x3d2c
                0x0000000008000188                . = ALIGN (0x4)
 *(.text)
 .text          0x0000000008000188       0x40 e:/st/stm32cubeide_1.4.0/stm32cubeide/plugins/com.st.stm32cube.ide.mcu.externaltools.gnu-tools-for-stm32.10.3-2021.10.win32_1.0.0.202111181127/tools/bin/../lib/gcc/arm-none-eabi/10.3.1/thumb/v7e-m+fp/hard/crtbegin.o
 .text          0x00000000080001c8       0x30 e:/st/stm32cubeide_1.4.0/stm32cubeide/plugins/com.st.stm32cube.ide.mcu.externaltools.gnu-tools-for-stm32.10.3-2021.10.win32_1.0.0.202111181127/tools/bin/../lib/gcc/arm-none-eabi/10.3.1/thumb/v7e-m+fp/hard\libgcc.a(_aeabi_uldivmod.o)
                0x00000000080001c8                __aeabi_uldivmod
 .text          0x00000000080001f8      0x2d0 e:/st/stm32cubeide_1.4.0/stm32cubeide/plugins/com.st.stm32cube.ide.mcu.externaltools.gnu-tools-for-stm32.10.3-2021.10.win32_1.0.0.202111181127/tools/bin/../lib/gcc/arm-none-eabi/10.3.1/thumb/v7e-m+fp/hard\libgcc.a(_udivmoddi4.o)
                0x00000000080001f8                __udivmoddi4
 .text          0x00000000080004c8        0x4 e:/st/stm32cubeide_1.4.0/stm32cubeide/plugins/com.st.stm32cube.ide.mcu.externaltools.gnu-tools-for-stm32.10.3-2021.10.win32_1.0.0.202111181127/tools/bin/../lib/gcc/arm-none-eabi/10.3.1/thumb/v7e-m+fp/hard\libgcc.a(_dvmd_tls.o)
                0x00000000080004c8                __aeabi_idiv0
                0x00000000080004c8                __aeabi_ldiv0
 *(.text*)
 .text.IMU50_SendCommand
                0x00000000080004cc       0x24 ./Core/Src/IMU50.o
                0x00000000080004cc                IMU50_SendCommand
 .text.IMU50_Init
                0x00000000080004f0       0x70 ./Core/Src/IMU50.o
                0x00000000080004f0                IMU50_Init
 .text.HAL_UART_RxCpltCallback
                0x0000000008000560       0x34 ./Core/Src/main.o
                0x0000000008000560                HAL_UART_RxCpltCallback
 .text.UARTRxComplete
                0x0000000008000594       0x9c ./Core/Src/main.o
                0x0000000008000594                UARTRxComplete
 .text.UARTRXInit
                0x0000000008000630       0x40 ./Core/Src/main.o
                0x0000000008000630                UARTRXInit
 .text.main     0x0000000008000670       0x3c ./Core/Src/main.o
                0x0000000008000670                main
 .text.SystemClock_Config
                0x00000000080006ac       0xd4 ./Core/Src/main.o
                0x00000000080006ac                SystemClock_Config
 .text.MX_ADC1_Init
                0x0000000008000780       0xa4 ./Core/Src/main.o
 .text.MX_USART1_UART_Init
                0x0000000008000824       0x54 ./Core/Src/main.o
 .text.MX_USART2_UART_Init
                0x0000000008000878       0x54 ./Core/Src/main.o
 .text.MX_DMA_Init
                0x00000000080008cc       0x6c ./Core/Src/main.o
 .text.MX_GPIO_Init
                0x0000000008000938       0x50 ./Core/Src/main.o
 .text.Error_Handler
                0x0000000008000988        0xa ./Core/Src/main.o
                0x0000000008000988                Error_Handler
 *fill*         0x0000000008000992        0x2 
 .text.HAL_MspInit
                0x0000000008000994       0x50 ./Core/Src/stm32f4xx_hal_msp.o
                0x0000000008000994                HAL_MspInit
 .text.HAL_ADC_MspInit
                0x00000000080009e4       0x88 ./Core/Src/stm32f4xx_hal_msp.o
                0x00000000080009e4                HAL_ADC_MspInit
 .text.HAL_UART_MspInit
                0x0000000008000a6c      0x1e0 ./Core/Src/stm32f4xx_hal_msp.o
                0x0000000008000a6c                HAL_UART_MspInit
 .text.NMI_Handler
                0x0000000008000c4c        0x6 ./Core/Src/stm32f4xx_it.o
                0x0000000008000c4c                NMI_Handler
 .text.HardFault_Handler
                0x0000000008000c52        0x6 ./Core/Src/stm32f4xx_it.o
                0x0000000008000c52                HardFault_Handler
 .text.MemManage_Handler
                0x0000000008000c58        0x6 ./Core/Src/stm32f4xx_it.o
                0x0000000008000c58                MemManage_Handler
 .text.BusFault_Handler
                0x0000000008000c5e        0x6 ./Core/Src/stm32f4xx_it.o
                0x0000000008000c5e                BusFault_Handler
 .text.UsageFault_Handler
                0x0000000008000c64        0x6 ./Core/Src/stm32f4xx_it.o
                0x0000000008000c64                UsageFault_Handler
 .text.SVC_Handler
                0x0000000008000c6a        0xe ./Core/Src/stm32f4xx_it.o
                0x0000000008000c6a                SVC_Handler
 .text.DebugMon_Handler
                0x0000000008000c78        0xe ./Core/Src/stm32f4xx_it.o
                0x0000000008000c78                DebugMon_Handler
 .text.PendSV_Handler
                0x0000000008000c86        0xe ./Core/Src/stm32f4xx_it.o
                0x0000000008000c86                PendSV_Handler
 .text.SysTick_Handler
                0x0000000008000c94        0xc ./Core/Src/stm32f4xx_it.o
                0x0000000008000c94                SysTick_Handler
 .text.DMA1_Stream5_IRQHandler
                0x0000000008000ca0       0x14 ./Core/Src/stm32f4xx_it.o
                0x0000000008000ca0                DMA1_Stream5_IRQHandler
 .text.USART1_IRQHandler
                0x0000000008000cb4       0x50 ./Core/Src/stm32f4xx_it.o
                0x0000000008000cb4                USART1_IRQHandler
 .text.USART2_IRQHandler
                0x0000000008000d04       0x14 ./Core/Src/stm32f4xx_it.o
                0x0000000008000d04                USART2_IRQHandler
 .text.DMA2_Stream2_IRQHandler
                0x0000000008000d18       0x14 ./Core/Src/stm32f4xx_it.o
                0x0000000008000d18                DMA2_Stream2_IRQHandler
 .text.SystemInit
                0x0000000008000d2c       0x24 ./Core/Src/system_stm32f4xx.o
                0x0000000008000d2c                SystemInit
 .text.Reset_Handler
                0x0000000008000d50       0x50 ./Core/Startup/startup_stm32f407vgtx.o
                0x0000000008000d50                Reset_Handler
 .text.Default_Handler
                0x0000000008000da0        0x2 ./Core/Startup/startup_stm32f407vgtx.o
                0x0000000008000da0                RTC_Alarm_IRQHandler
                0x0000000008000da0                HASH_RNG_IRQHandler
                0x0000000008000da0                EXTI2_IRQHandler
                0x0000000008000da0                TIM8_CC_IRQHandler
                0x0000000008000da0                TIM1_CC_IRQHandler
                0x0000000008000da0                DMA2_Stream5_IRQHandler
                0x0000000008000da0                PVD_IRQHandler
                0x0000000008000da0                SDIO_IRQHandler
                0x0000000008000da0                TAMP_STAMP_IRQHandler
                0x0000000008000da0                CAN2_RX1_IRQHandler
                0x0000000008000da0                EXTI3_IRQHandler
                0x0000000008000da0                TIM8_TRG_COM_TIM14_IRQHandler
                0x0000000008000da0                TIM1_UP_TIM10_IRQHandler
                0x0000000008000da0                TIM8_UP_TIM13_IRQHandler
                0x0000000008000da0                I2C3_ER_IRQHandler
                0x0000000008000da0                EXTI0_IRQHandler
                0x0000000008000da0                I2C2_EV_IRQHandler
                0x0000000008000da0                DMA1_Stream2_IRQHandler
                0x0000000008000da0                CAN1_RX0_IRQHandler
                0x0000000008000da0                FPU_IRQHandler
                0x0000000008000da0                OTG_HS_WKUP_IRQHandler
                0x0000000008000da0                CAN2_SCE_IRQHandler
                0x0000000008000da0                SPI1_IRQHandler
                0x0000000008000da0                TIM6_DAC_IRQHandler
                0x0000000008000da0                TIM1_BRK_TIM9_IRQHandler
                0x0000000008000da0                DCMI_IRQHandler
                0x0000000008000da0                CAN2_RX0_IRQHandler
                0x0000000008000da0                DMA2_Stream3_IRQHandler
                0x0000000008000da0                USART6_IRQHandler
                0x0000000008000da0                USART3_IRQHandler
                0x0000000008000da0                CAN1_RX1_IRQHandler
                0x0000000008000da0                UART5_IRQHandler
                0x0000000008000da0                DMA2_Stream0_IRQHandler
                0x0000000008000da0                TIM4_IRQHandler
                0x0000000008000da0                I2C1_EV_IRQHandler
                0x0000000008000da0                DMA1_Stream6_IRQHandler
                0x0000000008000da0                DMA1_Stream1_IRQHandler
                0x0000000008000da0                UART4_IRQHandler
                0x0000000008000da0                TIM3_IRQHandler
                0x0000000008000da0                RCC_IRQHandler
                0x0000000008000da0                TIM8_BRK_TIM12_IRQHandler
                0x0000000008000da0                Default_Handler
                0x0000000008000da0                EXTI15_10_IRQHandler
                0x0000000008000da0                ADC_IRQHandler
                0x0000000008000da0                DMA1_Stream7_IRQHandler
                0x0000000008000da0                TIM7_IRQHandler
                0x0000000008000da0                CAN2_TX_IRQHandler
                0x0000000008000da0                TIM5_IRQHandler
                0x0000000008000da0                DMA2_Stream7_IRQHandler
                0x0000000008000da0                I2C3_EV_IRQHandler
                0x0000000008000da0                EXTI9_5_IRQHandler
                0x0000000008000da0                RTC_WKUP_IRQHandler
                0x0000000008000da0                ETH_WKUP_IRQHandler
                0x0000000008000da0                SPI2_IRQHandler
                0x0000000008000da0                OTG_HS_EP1_IN_IRQHandler
                0x0000000008000da0                DMA1_Stream0_IRQHandler
                0x0000000008000da0                CAN1_TX_IRQHandler
                0x0000000008000da0                EXTI4_IRQHandler
                0x0000000008000da0                FSMC_IRQHandler
                0x0000000008000da0                ETH_IRQHandler
                0x0000000008000da0                OTG_HS_EP1_OUT_IRQHandler
                0x0000000008000da0                WWDG_IRQHandler
                0x0000000008000da0                TIM2_IRQHandler
                0x0000000008000da0                OTG_FS_WKUP_IRQHandler
                0x0000000008000da0                TIM1_TRG_COM_TIM11_IRQHandler
                0x0000000008000da0                OTG_HS_IRQHandler
                0x0000000008000da0                EXTI1_IRQHandler
                0x0000000008000da0                I2C2_ER_IRQHandler
                0x0000000008000da0                DMA2_Stream1_IRQHandler
                0x0000000008000da0                CAN1_SCE_IRQHandler
                0x0000000008000da0                FLASH_IRQHandler
                0x0000000008000da0                DMA2_Stream4_IRQHandler
                0x0000000008000da0                OTG_FS_IRQHandler
                0x0000000008000da0                SPI3_IRQHandler
                0x0000000008000da0                DMA1_Stream4_IRQHandler
                0x0000000008000da0                I2C1_ER_IRQHandler
                0x0000000008000da0                DMA2_Stream6_IRQHandler
                0x0000000008000da0                DMA1_Stream3_IRQHandler
 *fill*         0x0000000008000da2        0x2 
 .text.HAL_Init
                0x0000000008000da4       0x44 ./Drivers/STM32F4xx_HAL_Driver/Src/stm32f4xx_hal.o
                0x0000000008000da4                HAL_Init
 .text.HAL_InitTick
                0x0000000008000de8       0x60 ./Drivers/STM32F4xx_HAL_Driver/Src/stm32f4xx_hal.o
                0x0000000008000de8                HAL_InitTick
 .text.HAL_IncTick
                0x0000000008000e48       0x28 ./Drivers/STM32F4xx_HAL_Driver/Src/stm32f4xx_hal.o
                0x0000000008000e48                HAL_IncTick
 .text.HAL_GetTick
                0x0000000008000e70       0x18 ./Drivers/STM32F4xx_HAL_Driver/Src/stm32f4xx_hal.o
                0x0000000008000e70                HAL_GetTick
 .text.HAL_Delay
                0x0000000008000e88       0x48 ./Drivers/STM32F4xx_HAL_Driver/Src/stm32f4xx_hal.o
                0x0000000008000e88                HAL_Delay
 .text.HAL_ADC_Init
                0x0000000008000ed0       0x86 ./Drivers/STM32F4xx_HAL_Driver/Src/stm32f4xx_hal_adc.o
                0x0000000008000ed0                HAL_ADC_Init
 *fill*         0x0000000008000f56        0x2 
 .text.HAL_ADC_ConfigChannel
                0x0000000008000f58      0x244 ./Drivers/STM32F4xx_HAL_Driver/Src/stm32f4xx_hal_adc.o
                0x0000000008000f58                HAL_ADC_ConfigChannel
 .text.ADC_Init
                0x000000000800119c      0x1f8 ./Drivers/STM32F4xx_HAL_Driver/Src/stm32f4xx_hal_adc.o
 .text.__NVIC_SetPriorityGrouping
                0x0000000008001394       0x48 ./Drivers/STM32F4xx_HAL_Driver/Src/stm32f4xx_hal_cortex.o
 .text.__NVIC_GetPriorityGrouping
                0x00000000080013dc       0x1c ./Drivers/STM32F4xx_HAL_Driver/Src/stm32f4xx_hal_cortex.o
 .text.__NVIC_EnableIRQ
                0x00000000080013f8       0x3c ./Drivers/STM32F4xx_HAL_Driver/Src/stm32f4xx_hal_cortex.o
 .text.__NVIC_SetPriority
                0x0000000008001434       0x54 ./Drivers/STM32F4xx_HAL_Driver/Src/stm32f4xx_hal_cortex.o
 .text.NVIC_EncodePriority
                0x0000000008001488       0x66 ./Drivers/STM32F4xx_HAL_Driver/Src/stm32f4xx_hal_cortex.o
 *fill*         0x00000000080014ee        0x2 
 .text.SysTick_Config
                0x00000000080014f0       0x44 ./Drivers/STM32F4xx_HAL_Driver/Src/stm32f4xx_hal_cortex.o
 .text.HAL_NVIC_SetPriorityGrouping
                0x0000000008001534       0x16 ./Drivers/STM32F4xx_HAL_Driver/Src/stm32f4xx_hal_cortex.o
                0x0000000008001534                HAL_NVIC_SetPriorityGrouping
 .text.HAL_NVIC_SetPriority
                0x000000000800154a       0x38 ./Drivers/STM32F4xx_HAL_Driver/Src/stm32f4xx_hal_cortex.o
                0x000000000800154a                HAL_NVIC_SetPriority
 .text.HAL_NVIC_EnableIRQ
                0x0000000008001582       0x1c ./Drivers/STM32F4xx_HAL_Driver/Src/stm32f4xx_hal_cortex.o
                0x0000000008001582                HAL_NVIC_EnableIRQ
 .text.HAL_SYSTICK_Config
                0x000000000800159e       0x18 ./Drivers/STM32F4xx_HAL_Driver/Src/stm32f4xx_hal_cortex.o
                0x000000000800159e                HAL_SYSTICK_Config
 *fill*         0x00000000080015b6        0x2 
 .text.HAL_DMA_Init
                0x00000000080015b8      0x15c ./Drivers/STM32F4xx_HAL_Driver/Src/stm32f4xx_hal_dma.o
                0x00000000080015b8                HAL_DMA_Init
 .text.HAL_DMA_Start_IT
                0x0000000008001714       0xb0 ./Drivers/STM32F4xx_HAL_Driver/Src/stm32f4xx_hal_dma.o
                0x0000000008001714                HAL_DMA_Start_IT
 .text.HAL_DMA_Abort
                0x00000000080017c4       0xe0 ./Drivers/STM32F4xx_HAL_Driver/Src/stm32f4xx_hal_dma.o
                0x00000000080017c4                HAL_DMA_Abort
 .text.HAL_DMA_Abort_IT
                0x00000000080018a4       0x44 ./Drivers/STM32F4xx_HAL_Driver/Src/stm32f4xx_hal_dma.o
                0x00000000080018a4                HAL_DMA_Abort_IT
 .text.HAL_DMA_IRQHandler
                0x00000000080018e8      0x314 ./Drivers/STM32F4xx_HAL_Driver/Src/stm32f4xx_hal_dma.o
                0x00000000080018e8                HAL_DMA_IRQHandler
 .text.DMA_SetConfig
                0x0000000008001bfc       0x5c ./Drivers/STM32F4xx_HAL_Driver/Src/stm32f4xx_hal_dma.o
 .text.DMA_CalcBaseAndBitshift
                0x0000000008001c58       0x6c ./Drivers/STM32F4xx_HAL_Driver/Src/stm32f4xx_hal_dma.o
 .text.DMA_CheckFifoParam
                0x0000000008001cc4       0xf8 ./Drivers/STM32F4xx_HAL_Driver/Src/stm32f4xx_hal_dma.o
 .text.HAL_GPIO_Init
                0x0000000008001dbc      0x338 ./Drivers/STM32F4xx_HAL_Driver/Src/stm32f4xx_hal_gpio.o
                0x0000000008001dbc                HAL_GPIO_Init
 .text.HAL_RCC_OscConfig
                0x00000000080020f4      0x4f0 ./Drivers/STM32F4xx_HAL_Driver/Src/stm32f4xx_hal_rcc.o
                0x00000000080020f4                HAL_RCC_OscConfig
 .text.HAL_RCC_ClockConfig
                0x00000000080025e4      0x1cc ./Drivers/STM32F4xx_HAL_Driver/Src/stm32f4xx_hal_rcc.o
                0x00000000080025e4                HAL_RCC_ClockConfig
 .text.HAL_RCC_GetSysClockFreq
                0x00000000080027b0      0x20c ./Drivers/STM32F4xx_HAL_Driver/Src/stm32f4xx_hal_rcc.o
                0x00000000080027b0                HAL_RCC_GetSysClockFreq
 .text.HAL_RCC_GetHCLKFreq
                0x00000000080029bc       0x18 ./Drivers/STM32F4xx_HAL_Driver/Src/stm32f4xx_hal_rcc.o
                0x00000000080029bc                HAL_RCC_GetHCLKFreq
 .text.HAL_RCC_GetPCLK1Freq
                0x00000000080029d4       0x28 ./Drivers/STM32F4xx_HAL_Driver/Src/stm32f4xx_hal_rcc.o
                0x00000000080029d4                HAL_RCC_GetPCLK1Freq
 .text.HAL_RCC_GetPCLK2Freq
                0x00000000080029fc       0x28 ./Drivers/STM32F4xx_HAL_Driver/Src/stm32f4xx_hal_rcc.o
                0x00000000080029fc                HAL_RCC_GetPCLK2Freq
 .text.HAL_UART_Init
                0x0000000008002a24       0x9a ./Drivers/STM32F4xx_HAL_Driver/Src/stm32f4xx_hal_uart.o
                0x0000000008002a24                HAL_UART_Init
 .text.HAL_UART_Transmit
                0x0000000008002abe      0x124 ./Drivers/STM32F4xx_HAL_Driver/Src/stm32f4xx_hal_uart.o
                0x0000000008002abe                HAL_UART_Transmit
 .text.HAL_UART_Receive_DMA
                0x0000000008002be2       0x60 ./Drivers/STM32F4xx_HAL_Driver/Src/stm32f4xx_hal_uart.o
                0x0000000008002be2                HAL_UART_Receive_DMA
 *fill*         0x0000000008002c42        0x2 
 .text.HAL_UART_IRQHandler
                0x0000000008002c44      0x51c ./Drivers/STM32F4xx_HAL_Driver/Src/stm32f4xx_hal_uart.o
                0x0000000008002c44                HAL_UART_IRQHandler
 .text.HAL_UART_TxCpltCallback
                0x0000000008003160       0x14 ./Drivers/STM32F4xx_HAL_Driver/Src/stm32f4xx_hal_uart.o
                0x0000000008003160                HAL_UART_TxCpltCallback
 .text.HAL_UART_RxHalfCpltCallback
                0x0000000008003174       0x14 ./Drivers/STM32F4xx_HAL_Driver/Src/stm32f4xx_hal_uart.o
                0x0000000008003174                HAL_UART_RxHalfCpltCallback
 .text.HAL_UART_ErrorCallback
                0x0000000008003188       0x14 ./Drivers/STM32F4xx_HAL_Driver/Src/stm32f4xx_hal_uart.o
                0x0000000008003188                HAL_UART_ErrorCallback
 .text.HAL_UARTEx_RxEventCallback
                0x000000000800319c       0x18 ./Drivers/STM32F4xx_HAL_Driver/Src/stm32f4xx_hal_uart.o
                0x000000000800319c                HAL_UARTEx_RxEventCallback
 .text.UART_DMAReceiveCplt
                0x00000000080031b4      0x126 ./Drivers/STM32F4xx_HAL_Driver/Src/stm32f4xx_hal_uart.o
 .text.UART_DMARxHalfCplt
                0x00000000080032da       0x36 ./Drivers/STM32F4xx_HAL_Driver/Src/stm32f4xx_hal_uart.o
 .text.UART_DMAError
                0x0000000008003310       0x94 ./Drivers/STM32F4xx_HAL_Driver/Src/stm32f4xx_hal_uart.o
 .text.UART_WaitOnFlagUntilTimeout
                0x00000000080033a4       0xdc ./Drivers/STM32F4xx_HAL_Driver/Src/stm32f4xx_hal_uart.o
 .text.UART_Start_Receive_DMA
                0x0000000008003480      0x13c ./Drivers/STM32F4xx_HAL_Driver/Src/stm32f4xx_hal_uart.o
                0x0000000008003480                UART_Start_Receive_DMA
 .text.UART_EndTxTransfer
                0x00000000080035bc       0x50 ./Drivers/STM32F4xx_HAL_Driver/Src/stm32f4xx_hal_uart.o
 .text.UART_EndRxTransfer
                0x000000000800360c       0xc6 ./Drivers/STM32F4xx_HAL_Driver/Src/stm32f4xx_hal_uart.o
 .text.UART_DMAAbortOnError
                0x00000000080036d2       0x28 ./Drivers/STM32F4xx_HAL_Driver/Src/stm32f4xx_hal_uart.o
 .text.UART_Transmit_IT
                0x00000000080036fa       0xa0 ./Drivers/STM32F4xx_HAL_Driver/Src/stm32f4xx_hal_uart.o
 .text.UART_EndTransmit_IT
                0x000000000800379a       0x30 ./Drivers/STM32F4xx_HAL_Driver/Src/stm32f4xx_hal_uart.o
 .text.UART_Receive_IT
                0x00000000080037ca      0x176 ./Drivers/STM32F4xx_HAL_Driver/Src/stm32f4xx_hal_uart.o
 .text.UART_SetConfig
                0x0000000008003940      0x4e8 ./Drivers/STM32F4xx_HAL_Driver/Src/stm32f4xx_hal_uart.o
 .text.__libc_init_array
                0x0000000008003e28       0x48 e:/st/stm32cubeide_1.4.0/stm32cubeide/plugins/com.st.stm32cube.ide.mcu.externaltools.gnu-tools-for-stm32.10.3-2021.10.win32_1.0.0.202111181127/tools/bin/../lib/gcc/arm-none-eabi/10.3.1/../../../../arm-none-eabi/lib/thumb/v7e-m+fp/hard\libc_nano.a(lib_a-init.o)
                0x0000000008003e28                __libc_init_array
 .text.memcpy   0x0000000008003e70       0x1c e:/st/stm32cubeide_1.4.0/stm32cubeide/plugins/com.st.stm32cube.ide.mcu.externaltools.gnu-tools-for-stm32.10.3-2021.10.win32_1.0.0.202111181127/tools/bin/../lib/gcc/arm-none-eabi/10.3.1/../../../../arm-none-eabi/lib/thumb/v7e-m+fp/hard\libc_nano.a(lib_a-memcpy-stub.o)
                0x0000000008003e70                memcpy
 .text.memset   0x0000000008003e8c       0x10 e:/st/stm32cubeide_1.4.0/stm32cubeide/plugins/com.st.stm32cube.ide.mcu.externaltools.gnu-tools-for-stm32.10.3-2021.10.win32_1.0.0.202111181127/tools/bin/../lib/gcc/arm-none-eabi/10.3.1/../../../../arm-none-eabi/lib/thumb/v7e-m+fp/hard\libc_nano.a(lib_a-memset.o)
                0x0000000008003e8c                memset
 *(.glue_7)
 .glue_7        0x0000000008003e9c        0x0 linker stubs
 *(.glue_7t)
 .glue_7t       0x0000000008003e9c        0x0 linker stubs
 *(.eh_frame)
 .eh_frame      0x0000000008003e9c        0x0 e:/st/stm32cubeide_1.4.0/stm32cubeide/plugins/com.st.stm32cube.ide.mcu.externaltools.gnu-tools-for-stm32.10.3-2021.10.win32_1.0.0.202111181127/tools/bin/../lib/gcc/arm-none-eabi/10.3.1/thumb/v7e-m+fp/hard/crtbegin.o
 *(.init)
 .init          0x0000000008003e9c        0x4 e:/st/stm32cubeide_1.4.0/stm32cubeide/plugins/com.st.stm32cube.ide.mcu.externaltools.gnu-tools-for-stm32.10.3-2021.10.win32_1.0.0.202111181127/tools/bin/../lib/gcc/arm-none-eabi/10.3.1/thumb/v7e-m+fp/hard/crti.o
                0x0000000008003e9c                _init
 .init          0x0000000008003ea0        0x8 e:/st/stm32cubeide_1.4.0/stm32cubeide/plugins/com.st.stm32cube.ide.mcu.externaltools.gnu-tools-for-stm32.10.3-2021.10.win32_1.0.0.202111181127/tools/bin/../lib/gcc/arm-none-eabi/10.3.1/thumb/v7e-m+fp/hard/crtn.o
 *(.fini)
 .fini          0x0000000008003ea8        0x4 e:/st/stm32cubeide_1.4.0/stm32cubeide/plugins/com.st.stm32cube.ide.mcu.externaltools.gnu-tools-for-stm32.10.3-2021.10.win32_1.0.0.202111181127/tools/bin/../lib/gcc/arm-none-eabi/10.3.1/thumb/v7e-m+fp/hard/crti.o
                0x0000000008003ea8                _fini
 .fini          0x0000000008003eac        0x8 e:/st/stm32cubeide_1.4.0/stm32cubeide/plugins/com.st.stm32cube.ide.mcu.externaltools.gnu-tools-for-stm32.10.3-2021.10.win32_1.0.0.202111181127/tools/bin/../lib/gcc/arm-none-eabi/10.3.1/thumb/v7e-m+fp/hard/crtn.o
                0x0000000008003eb4                . = ALIGN (0x4)
                0x0000000008003eb4                _etext = .

.vfp11_veneer   0x0000000008003eb4        0x0
 .vfp11_veneer  0x0000000008003eb4        0x0 linker stubs

.v4_bx          0x0000000008003eb4        0x0
 .v4_bx         0x0000000008003eb4        0x0 linker stubs

.iplt           0x0000000008003eb4        0x0
 .iplt          0x0000000008003eb4        0x0 e:/st/stm32cubeide_1.4.0/stm32cubeide/plugins/com.st.stm32cube.ide.mcu.externaltools.gnu-tools-for-stm32.10.3-2021.10.win32_1.0.0.202111181127/tools/bin/../lib/gcc/arm-none-eabi/10.3.1/thumb/v7e-m+fp/hard/crtbegin.o

.rodata         0x0000000008003eb4       0x20
                0x0000000008003eb4                . = ALIGN (0x4)
 *(.rodata)
 *(.rodata*)
 .rodata.AHBPrescTable
                0x0000000008003eb4       0x10 ./Core/Src/system_stm32f4xx.o
                0x0000000008003eb4                AHBPrescTable
 .rodata.APBPrescTable
                0x0000000008003ec4        0x8 ./Core/Src/system_stm32f4xx.o
                0x0000000008003ec4                APBPrescTable
 .rodata.flagBitshiftOffset.0
                0x0000000008003ecc        0x8 ./Drivers/STM32F4xx_HAL_Driver/Src/stm32f4xx_hal_dma.o
                0x0000000008003ed4                . = ALIGN (0x4)

.ARM.extab      0x0000000008003ed4        0x0
                0x0000000008003ed4                . = ALIGN (0x4)
 *(.ARM.extab* .gnu.linkonce.armextab.*)
                0x0000000008003ed4                . = ALIGN (0x4)

.ARM            0x0000000008003ed4        0x8
                0x0000000008003ed4                . = ALIGN (0x4)
                0x0000000008003ed4                __exidx_start = .
 *(.ARM.exidx*)
 .ARM.exidx     0x0000000008003ed4        0x8 e:/st/stm32cubeide_1.4.0/stm32cubeide/plugins/com.st.stm32cube.ide.mcu.externaltools.gnu-tools-for-stm32.10.3-2021.10.win32_1.0.0.202111181127/tools/bin/../lib/gcc/arm-none-eabi/10.3.1/thumb/v7e-m+fp/hard\libgcc.a(_udivmoddi4.o)
                0x0000000008003edc                __exidx_end = .
                0x0000000008003edc                . = ALIGN (0x4)

.rel.dyn        0x0000000008003edc        0x0
 .rel.iplt      0x0000000008003edc        0x0 e:/st/stm32cubeide_1.4.0/stm32cubeide/plugins/com.st.stm32cube.ide.mcu.externaltools.gnu-tools-for-stm32.10.3-2021.10.win32_1.0.0.202111181127/tools/bin/../lib/gcc/arm-none-eabi/10.3.1/thumb/v7e-m+fp/hard/crtbegin.o

.preinit_array  0x0000000008003edc        0x0
                0x0000000008003edc                . = ALIGN (0x4)
                0x0000000008003edc                PROVIDE (__preinit_array_start = .)
 *(.preinit_array*)
                0x0000000008003edc                PROVIDE (__preinit_array_end = .)
                0x0000000008003edc                . = ALIGN (0x4)

.init_array     0x0000000008003edc        0x4
                0x0000000008003edc                . = ALIGN (0x4)
                0x0000000008003edc                PROVIDE (__init_array_start = .)
 *(SORT_BY_NAME(.init_array.*))
 *(.init_array*)
 .init_array    0x0000000008003edc        0x4 e:/st/stm32cubeide_1.4.0/stm32cubeide/plugins/com.st.stm32cube.ide.mcu.externaltools.gnu-tools-for-stm32.10.3-2021.10.win32_1.0.0.202111181127/tools/bin/../lib/gcc/arm-none-eabi/10.3.1/thumb/v7e-m+fp/hard/crtbegin.o
                0x0000000008003ee0                PROVIDE (__init_array_end = .)
                0x0000000008003ee0                . = ALIGN (0x4)

.fini_array     0x0000000008003ee0        0x4
                0x0000000008003ee0                . = ALIGN (0x4)
                [!provide]                        PROVIDE (__fini_array_start = .)
 *(SORT_BY_NAME(.fini_array.*))
 *(.fini_array*)
 .fini_array    0x0000000008003ee0        0x4 e:/st/stm32cubeide_1.4.0/stm32cubeide/plugins/com.st.stm32cube.ide.mcu.externaltools.gnu-tools-for-stm32.10.3-2021.10.win32_1.0.0.202111181127/tools/bin/../lib/gcc/arm-none-eabi/10.3.1/thumb/v7e-m+fp/hard/crtbegin.o
                [!provide]                        PROVIDE (__fini_array_end = .)
                0x0000000008003ee4                . = ALIGN (0x4)
                0x0000000008003ee4                _sidata = LOADADDR (.data)

.data           0x0000000020000000        0xc load address 0x0000000008003ee4
                0x0000000020000000                . = ALIGN (0x4)
                0x0000000020000000                _sdata = .
 *(.data)
 *(.data*)
 .data.SystemCoreClock
                0x0000000020000000        0x4 ./Core/Src/system_stm32f4xx.o
                0x0000000020000000                SystemCoreClock
 .data.uwTickPrio
                0x0000000020000004        0x4 ./Drivers/STM32F4xx_HAL_Driver/Src/stm32f4xx_hal.o
                0x0000000020000004                uwTickPrio
 .data.uwTickFreq
                0x0000000020000008        0x1 ./Drivers/STM32F4xx_HAL_Driver/Src/stm32f4xx_hal.o
                0x0000000020000008                uwTickFreq
 *(.RamFunc)
 *(.RamFunc*)
                0x000000002000000c                . = ALIGN (0x4)
 *fill*         0x0000000020000009        0x3 
                0x000000002000000c                _edata = .
                0x0000000008003ef0                _siccmram = LOADADDR (.ccmram)

.igot.plt       0x000000002000000c        0x0 load address 0x0000000008003ef0
 .igot.plt      0x000000002000000c        0x0 e:/st/stm32cubeide_1.4.0/stm32cubeide/plugins/com.st.stm32cube.ide.mcu.externaltools.gnu-tools-for-stm32.10.3-2021.10.win32_1.0.0.202111181127/tools/bin/../lib/gcc/arm-none-eabi/10.3.1/thumb/v7e-m+fp/hard/crtbegin.o

.ccmram         0x0000000010000000        0x0 load address 0x0000000008003ef0
                0x0000000010000000                . = ALIGN (0x4)
                0x0000000010000000                _sccmram = .
 *(.ccmram)
 *(.ccmram*)
                0x0000000010000000                . = ALIGN (0x4)
                0x0000000010000000                _eccmram = .
                0x0000000010000000                . = ALIGN (0x4)

.bss            0x000000002000000c      0x23c
                0x000000002000000c                _sbss = .
                0x000000002000000c                __bss_start__ = _sbss
 *(.bss)
 .bss           0x000000002000000c       0x1c e:/st/stm32cubeide_1.4.0/stm32cubeide/plugins/com.st.stm32cube.ide.mcu.externaltools.gnu-tools-for-stm32.10.3-2021.10.win32_1.0.0.202111181127/tools/bin/../lib/gcc/arm-none-eabi/10.3.1/thumb/v7e-m+fp/hard/crtbegin.o
 *(.bss*)
 .bss.MyUart    0x0000000020000028       0x44 ./Core/Src/IMU50.o
 .bss.respond   0x000000002000006c        0x4 ./Core/Src/IMU50.o
                0x000000002000006c                respond
 .bss.lenBuffer
                0x0000000020000070        0x2 ./Core/Src/IMU50.o
                0x0000000020000070                lenBuffer
 *fill*         0x0000000020000072        0x2 
 .bss.inData    0x0000000020000074       0x14 ./Core/Src/main.o
                0x0000000020000074                inData
 .bss.hadc1     0x0000000020000088       0x48 ./Core/Src/main.o
                0x0000000020000088                hadc1
 .bss.huart1    0x00000000200000d0       0x44 ./Core/Src/main.o
                0x00000000200000d0                huart1
 .bss.huart2    0x0000000020000114       0x44 ./Core/Src/main.o
                0x0000000020000114                huart2
 .bss.hdma_usart1_rx
                0x0000000020000158       0x60 ./Core/Src/main.o
                0x0000000020000158                hdma_usart1_rx
 .bss.hdma_usart2_rx
                0x00000000200001b8       0x60 ./Core/Src/main.o
                0x00000000200001b8                hdma_usart2_rx
 .bss.rxRing    0x0000000020000218       0x28 ./Core/Src/main.o
                0x0000000020000218                rxRing
 .bss.rxLastPos
                0x0000000020000240        0x2 ./Core/Src/main.o
                0x0000000020000240                rxLastPos
 .bss.rxThisPos
                0x0000000020000242        0x2 ./Core/Src/main.o
                0x0000000020000242                rxThisPos
 .bss.uwTick    0x0000000020000244        0x4 ./Drivers/STM32F4xx_HAL_Driver/Src/stm32f4xx_hal.o
                0x0000000020000244                uwTick
 *(COMMON)
                0x0000000020000248                . = ALIGN (0x4)
                0x0000000020000248                _ebss = .
                0x0000000020000248                __bss_end__ = _ebss

._user_heap_stack
                0x0000000020000248      0x600
                0x0000000020000248                . = ALIGN (0x8)
                [!provide]                        PROVIDE (end = .)
                0x0000000020000248                PROVIDE (_end = .)
                0x0000000020000448                . = (. + _Min_Heap_Size)
 *fill*         0x0000000020000248      0x200 
                0x0000000020000848                . = (. + _Min_Stack_Size)
 *fill*         0x0000000020000448      0x400 
                0x0000000020000848                . = ALIGN (0x8)

/DISCARD/
 libc.a(*)
 libm.a(*)
 libgcc.a(*)

.ARM.attributes
                0x0000000000000000       0x30
 *(.ARM.attributes)
 .ARM.attributes
                0x0000000000000000       0x1e e:/st/stm32cubeide_1.4.0/stm32cubeide/plugins/com.st.stm32cube.ide.mcu.externaltools.gnu-tools-for-stm32.10.3-2021.10.win32_1.0.0.202111181127/tools/bin/../lib/gcc/arm-none-eabi/10.3.1/thumb/v7e-m+fp/hard/crti.o
 .ARM.attributes
                0x000000000000001e       0x34 e:/st/stm32cubeide_1.4.0/stm32cubeide/plugins/com.st.stm32cube.ide.mcu.externaltools.gnu-tools-for-stm32.10.3-2021.10.win32_1.0.0.202111181127/tools/bin/../lib/gcc/arm-none-eabi/10.3.1/thumb/v7e-m+fp/hard/crtbegin.o
 .ARM.attributes
                0x0000000000000052       0x34 ./Core/Src/IMU50.o
 .ARM.attributes
                0x0000000000000086       0x34 ./Core/Src/main.o
 .ARM.attributes
                0x00000000000000ba       0x34 ./Core/Src/stm32f4xx_hal_msp.o
 .ARM.attributes
                0x00000000000000ee       0x34 ./Core/Src/stm32f4xx_it.o
 .ARM.attributes
                0x0000000000000122       0x34 ./Core/Src/system_stm32f4xx.o
 .ARM.attributes
                0x0000000000000156       0x21 ./Core/Startup/startup_stm32f407vgtx.o
 .ARM.attributes
                0x0000000000000177       0x34 ./Drivers/STM32F4xx_HAL_Driver/Src/stm32f4xx_hal.o
 .ARM.attributes
                0x00000000000001ab       0x34 ./Drivers/STM32F4xx_HAL_Driver/Src/stm32f4xx_hal_adc.o
 .ARM.attributes
                0x00000000000001df       0x34 ./Drivers/STM32F4xx_HAL_Driver/Src/stm32f4xx_hal_cortex.o
 .ARM.attributes
                0x0000000000000213       0x34 ./Drivers/STM32F4xx_HAL_Driver/Src/stm32f4xx_hal_dma.o
 .ARM.attributes
                0x0000000000000247       0x34 ./Drivers/STM32F4xx_HAL_Driver/Src/stm32f4xx_hal_gpio.o
 .ARM.attributes
                0x000000000000027b       0x34 ./Drivers/STM32F4xx_HAL_Driver/Src/stm32f4xx_hal_rcc.o
 .ARM.attributes
                0x00000000000002af       0x34 ./Drivers/STM32F4xx_HAL_Driver/Src/stm32f4xx_hal_uart.o
 .ARM.attributes
                0x00000000000002e3       0x34 e:/st/stm32cubeide_1.4.0/stm32cubeide/plugins/com.st.stm32cube.ide.mcu.externaltools.gnu-tools-for-stm32.10.3-2021.10.win32_1.0.0.202111181127/tools/bin/../lib/gcc/arm-none-eabi/10.3.1/../../../../arm-none-eabi/lib/thumb/v7e-m+fp/hard\libc_nano.a(lib_a-init.o)
 .ARM.attributes
                0x0000000000000317       0x34 e:/st/stm32cubeide_1.4.0/stm32cubeide/plugins/com.st.stm32cube.ide.mcu.externaltools.gnu-tools-for-stm32.10.3-2021.10.win32_1.0.0.202111181127/tools/bin/../lib/gcc/arm-none-eabi/10.3.1/../../../../arm-none-eabi/lib/thumb/v7e-m+fp/hard\libc_nano.a(lib_a-memcpy-stub.o)
 .ARM.attributes
                0x000000000000034b       0x34 e:/st/stm32cubeide_1.4.0/stm32cubeide/plugins/com.st.stm32cube.ide.mcu.externaltools.gnu-tools-for-stm32.10.3-2021.10.win32_1.0.0.202111181127/tools/bin/../lib/gcc/arm-none-eabi/10.3.1/../../../../arm-none-eabi/lib/thumb/v7e-m+fp/hard\libc_nano.a(lib_a-memset.o)
 .ARM.attributes
                0x000000000000037f       0x1e e:/st/stm32cubeide_1.4.0/stm32cubeide/plugins/com.st.stm32cube.ide.mcu.externaltools.gnu-tools-for-stm32.10.3-2021.10.win32_1.0.0.202111181127/tools/bin/../lib/gcc/arm-none-eabi/10.3.1/thumb/v7e-m+fp/hard\libgcc.a(_aeabi_uldivmod.o)
 .ARM.attributes
                0x000000000000039d       0x34 e:/st/stm32cubeide_1.4.0/stm32cubeide/plugins/com.st.stm32cube.ide.mcu.externaltools.gnu-tools-for-stm32.10.3-2021.10.win32_1.0.0.202111181127/tools/bin/../lib/gcc/arm-none-eabi/10.3.1/thumb/v7e-m+fp/hard\libgcc.a(_udivmoddi4.o)
 .ARM.attributes
                0x00000000000003d1       0x1e e:/st/stm32cubeide_1.4.0/stm32cubeide/plugins/com.st.stm32cube.ide.mcu.externaltools.gnu-tools-for-stm32.10.3-2021.10.win32_1.0.0.202111181127/tools/bin/../lib/gcc/arm-none-eabi/10.3.1/thumb/v7e-m+fp/hard\libgcc.a(_dvmd_tls.o)
 .ARM.attributes
                0x00000000000003ef       0x1e e:/st/stm32cubeide_1.4.0/stm32cubeide/plugins/com.st.stm32cube.ide.mcu.externaltools.gnu-tools-for-stm32.10.3-2021.10.win32_1.0.0.202111181127/tools/bin/../lib/gcc/arm-none-eabi/10.3.1/thumb/v7e-m+fp/hard/crtn.o
OUTPUT(IMU_50.elf elf32-littlearm)
LOAD linker stubs
LOAD e:/st/stm32cubeide_1.4.0/stm32cubeide/plugins/com.st.stm32cube.ide.mcu.externaltools.gnu-tools-for-stm32.10.3-2021.10.win32_1.0.0.202111181127/tools/bin/../lib/gcc/arm-none-eabi/10.3.1/../../../../arm-none-eabi/lib/thumb/v7e-m+fp/hard\libc.a
LOAD e:/st/stm32cubeide_1.4.0/stm32cubeide/plugins/com.st.stm32cube.ide.mcu.externaltools.gnu-tools-for-stm32.10.3-2021.10.win32_1.0.0.202111181127/tools/bin/../lib/gcc/arm-none-eabi/10.3.1/../../../../arm-none-eabi/lib/thumb/v7e-m+fp/hard\libm.a
LOAD e:/st/stm32cubeide_1.4.0/stm32cubeide/plugins/com.st.stm32cube.ide.mcu.externaltools.gnu-tools-for-stm32.10.3-2021.10.win32_1.0.0.202111181127/tools/bin/../lib/gcc/arm-none-eabi/10.3.1/thumb/v7e-m+fp/hard\libgcc.a

.debug_info     0x0000000000000000     0xa647
 .debug_info    0x0000000000000000      0x74b ./Core/Src/IMU50.o
 .debug_info    0x000000000000074b     0x121d ./Core/Src/main.o
 .debug_info    0x0000000000001968      0xfa7 ./Core/Src/stm32f4xx_hal_msp.o
 .debug_info    0x000000000000290f      0x711 ./Core/Src/stm32f4xx_it.o
 .debug_info    0x0000000000003020      0x523 ./Core/Src/system_stm32f4xx.o
 .debug_info    0x0000000000003543       0x22 ./Core/Startup/startup_stm32f407vgtx.o
 .debug_info    0x0000000000003565      0x97c ./Drivers/STM32F4xx_HAL_Driver/Src/stm32f4xx_hal.o
 .debug_info    0x0000000000003ee1      0xd70 ./Drivers/STM32F4xx_HAL_Driver/Src/stm32f4xx_hal_adc.o
 .debug_info    0x0000000000004c51      0xe1b ./Drivers/STM32F4xx_HAL_Driver/Src/stm32f4xx_hal_cortex.o
 .debug_info    0x0000000000005a6c      0x94f ./Drivers/STM32F4xx_HAL_Driver/Src/stm32f4xx_hal_dma.o
 .debug_info    0x00000000000063bb      0x76a ./Drivers/STM32F4xx_HAL_Driver/Src/stm32f4xx_hal_gpio.o
 .debug_info    0x0000000000006b25      0x966 ./Drivers/STM32F4xx_HAL_Driver/Src/stm32f4xx_hal_rcc.o
 .debug_info    0x000000000000748b     0x31bc ./Drivers/STM32F4xx_HAL_Driver/Src/stm32f4xx_hal_uart.o

.debug_abbrev   0x0000000000000000     0x1acd
 .debug_abbrev  0x0000000000000000      0x1e4 ./Core/Src/IMU50.o
 .debug_abbrev  0x00000000000001e4      0x30b ./Core/Src/main.o
 .debug_abbrev  0x00000000000004ef      0x1f6 ./Core/Src/stm32f4xx_hal_msp.o
 .debug_abbrev  0x00000000000006e5      0x19c ./Core/Src/stm32f4xx_it.o
 .debug_abbrev  0x0000000000000881      0x116 ./Core/Src/system_stm32f4xx.o
 .debug_abbrev  0x0000000000000997       0x12 ./Core/Startup/startup_stm32f407vgtx.o
 .debug_abbrev  0x00000000000009a9      0x20d ./Drivers/STM32F4xx_HAL_Driver/Src/stm32f4xx_hal.o
 .debug_abbrev  0x0000000000000bb6      0x244 ./Drivers/STM32F4xx_HAL_Driver/Src/stm32f4xx_hal_adc.o
 .debug_abbrev  0x0000000000000dfa      0x316 ./Drivers/STM32F4xx_HAL_Driver/Src/stm32f4xx_hal_cortex.o
 .debug_abbrev  0x0000000000001110      0x25b ./Drivers/STM32F4xx_HAL_Driver/Src/stm32f4xx_hal_dma.o
 .debug_abbrev  0x000000000000136b      0x1c4 ./Drivers/STM32F4xx_HAL_Driver/Src/stm32f4xx_hal_gpio.o
 .debug_abbrev  0x000000000000152f      0x2aa ./Drivers/STM32F4xx_HAL_Driver/Src/stm32f4xx_hal_rcc.o
 .debug_abbrev  0x00000000000017d9      0x2f4 ./Drivers/STM32F4xx_HAL_Driver/Src/stm32f4xx_hal_uart.o

.debug_aranges  0x0000000000000000      0x810
 .debug_aranges
                0x0000000000000000       0x30 ./Core/Src/IMU50.o
 .debug_aranges
                0x0000000000000030       0x70 ./Core/Src/main.o
 .debug_aranges
                0x00000000000000a0       0x40 ./Core/Src/stm32f4xx_hal_msp.o
 .debug_aranges
                0x00000000000000e0       0x80 ./Core/Src/stm32f4xx_it.o
 .debug_aranges
                0x0000000000000160       0x28 ./Core/Src/system_stm32f4xx.o
 .debug_aranges
                0x0000000000000188       0x28 ./Core/Startup/startup_stm32f407vgtx.o
 .debug_aranges
                0x00000000000001b0       0xf0 ./Drivers/STM32F4xx_HAL_Driver/Src/stm32f4xx_hal.o
 .debug_aranges
                0x00000000000002a0       0xe8 ./Drivers/STM32F4xx_HAL_Driver/Src/stm32f4xx_hal_adc.o
 .debug_aranges
                0x0000000000000388      0x118 ./Drivers/STM32F4xx_HAL_Driver/Src/stm32f4xx_hal_cortex.o
 .debug_aranges
                0x00000000000004a0       0x90 ./Drivers/STM32F4xx_HAL_Driver/Src/stm32f4xx_hal_dma.o
 .debug_aranges
                0x0000000000000530       0x58 ./Drivers/STM32F4xx_HAL_Driver/Src/stm32f4xx_hal_gpio.o
 .debug_aranges
                0x0000000000000588       0x88 ./Drivers/STM32F4xx_HAL_Driver/Src/stm32f4xx_hal_rcc.o
 .debug_aranges
                0x0000000000000610      0x200 ./Drivers/STM32F4xx_HAL_Driver/Src/stm32f4xx_hal_uart.o

.debug_ranges   0x0000000000000000      0x778
 .debug_ranges  0x0000000000000000       0x20 ./Core/Src/IMU50.o
 .debug_ranges  0x0000000000000020       0x60 ./Core/Src/main.o
 .debug_ranges  0x0000000000000080       0x30 ./Core/Src/stm32f4xx_hal_msp.o
 .debug_ranges  0x00000000000000b0       0x70 ./Core/Src/stm32f4xx_it.o
 .debug_ranges  0x0000000000000120       0x18 ./Core/Src/system_stm32f4xx.o
 .debug_ranges  0x0000000000000138       0x20 ./Core/Startup/startup_stm32f407vgtx.o
 .debug_ranges  0x0000000000000158       0xe0 ./Drivers/STM32F4xx_HAL_Driver/Src/stm32f4xx_hal.o
 .debug_ranges  0x0000000000000238       0xd8 ./Drivers/STM32F4xx_HAL_Driver/Src/stm32f4xx_hal_adc.o
 .debug_ranges  0x0000000000000310      0x108 ./Drivers/STM32F4xx_HAL_Driver/Src/stm32f4xx_hal_cortex.o
 .debug_ranges  0x0000000000000418       0x80 ./Drivers/STM32F4xx_HAL_Driver/Src/stm32f4xx_hal_dma.o
 .debug_ranges  0x0000000000000498       0x48 ./Drivers/STM32F4xx_HAL_Driver/Src/stm32f4xx_hal_gpio.o
 .debug_ranges  0x00000000000004e0       0x78 ./Drivers/STM32F4xx_HAL_Driver/Src/stm32f4xx_hal_rcc.o
 .debug_ranges  0x0000000000000558      0x220 ./Drivers/STM32F4xx_HAL_Driver/Src/stm32f4xx_hal_uart.o

.debug_macro    0x0000000000000000    0x21c05
 .debug_macro   0x0000000000000000      0x38e ./Core/Src/IMU50.o
 .debug_macro   0x000000000000038e      0xa78 ./Core/Src/IMU50.o
 .debug_macro   0x0000000000000e06      0x29b ./Core/Src/IMU50.o
 .debug_macro   0x00000000000010a1       0x2e ./Core/Src/IMU50.o
 .debug_macro   0x00000000000010cf       0x2f ./Core/Src/IMU50.o
 .debug_macro   0x00000000000010fe       0x22 ./Core/Src/IMU50.o
 .debug_macro   0x0000000000001120       0x8e ./Core/Src/IMU50.o
 .debug_macro   0x00000000000011ae       0x51 ./Core/Src/IMU50.o
 .debug_macro   0x00000000000011ff      0x103 ./Core/Src/IMU50.o
 .debug_macro   0x0000000000001302       0x6a ./Core/Src/IMU50.o
 .debug_macro   0x000000000000136c      0x1df ./Core/Src/IMU50.o
 .debug_macro   0x000000000000154b       0x1c ./Core/Src/IMU50.o
 .debug_macro   0x0000000000001567       0x22 ./Core/Src/IMU50.o
 .debug_macro   0x0000000000001589       0xd9 ./Core/Src/IMU50.o
 .debug_macro   0x0000000000001662     0x102d ./Core/Src/IMU50.o
 .debug_macro   0x000000000000268f      0x11f ./Core/Src/IMU50.o
 .debug_macro   0x00000000000027ae    0x15e82 ./Core/Src/IMU50.o
 .debug_macro   0x0000000000018630       0x6d ./Core/Src/IMU50.o
 .debug_macro   0x000000000001869d     0x367e ./Core/Src/IMU50.o
 .debug_macro   0x000000000001bd1b      0x174 ./Core/Src/IMU50.o
 .debug_macro   0x000000000001be8f       0x5c ./Core/Src/IMU50.o
 .debug_macro   0x000000000001beeb      0x96b ./Core/Src/IMU50.o
 .debug_macro   0x000000000001c856      0x9fe ./Core/Src/IMU50.o
 .debug_macro   0x000000000001d254      0x115 ./Core/Src/IMU50.o
 .debug_macro   0x000000000001d369      0x13e ./Core/Src/IMU50.o
 .debug_macro   0x000000000001d4a7       0xa5 ./Core/Src/IMU50.o
 .debug_macro   0x000000000001d54c      0x174 ./Core/Src/IMU50.o
 .debug_macro   0x000000000001d6c0      0x287 ./Core/Src/IMU50.o
 .debug_macro   0x000000000001d947       0x5f ./Core/Src/IMU50.o
 .debug_macro   0x000000000001d9a6      0x236 ./Core/Src/IMU50.o
 .debug_macro   0x000000000001dbdc      0xb5b ./Core/Src/IMU50.o
 .debug_macro   0x000000000001e737      0x38b ./Core/Src/IMU50.o
 .debug_macro   0x000000000001eac2      0x176 ./Core/Src/IMU50.o
 .debug_macro   0x000000000001ec38       0xf9 ./Core/Src/IMU50.o
 .debug_macro   0x000000000001ed31      0x12c ./Core/Src/IMU50.o
 .debug_macro   0x000000000001ee5d      0x21e ./Core/Src/IMU50.o
 .debug_macro   0x000000000001f07b       0x2e ./Core/Src/IMU50.o
 .debug_macro   0x000000000001f0a9      0x11a ./Core/Src/IMU50.o
 .debug_macro   0x000000000001f1c3       0x7e ./Core/Src/IMU50.o
 .debug_macro   0x000000000001f241       0x89 ./Core/Src/IMU50.o
 .debug_macro   0x000000000001f2ca      0x295 ./Core/Src/IMU50.o
 .debug_macro   0x000000000001f55f      0x12d ./Core/Src/IMU50.o
 .debug_macro   0x000000000001f68c       0x52 ./Core/Src/IMU50.o
 .debug_macro   0x000000000001f6de       0x1e ./Core/Src/IMU50.o
 .debug_macro   0x000000000001f6fc       0x3c ./Core/Src/IMU50.o
 .debug_macro   0x000000000001f738       0x34 ./Core/Src/IMU50.o
 .debug_macro   0x000000000001f76c       0x16 ./Core/Src/IMU50.o
 .debug_macro   0x000000000001f782       0x35 ./Core/Src/IMU50.o
 .debug_macro   0x000000000001f7b7      0x341 ./Core/Src/IMU50.o
 .debug_macro   0x000000000001faf8       0x10 ./Core/Src/IMU50.o
 .debug_macro   0x000000000001fb08       0x16 ./Core/Src/IMU50.o
 .debug_macro   0x000000000001fb1e       0x43 ./Core/Src/IMU50.o
 .debug_macro   0x000000000001fb61       0x34 ./Core/Src/IMU50.o
 .debug_macro   0x000000000001fb95       0x10 ./Core/Src/IMU50.o
 .debug_macro   0x000000000001fba5       0x58 ./Core/Src/IMU50.o
 .debug_macro   0x000000000001fbfd       0x71 ./Core/Src/IMU50.o
 .debug_macro   0x000000000001fc6e       0x1c ./Core/Src/IMU50.o
 .debug_macro   0x000000000001fc8a      0x12a ./Core/Src/IMU50.o
 .debug_macro   0x000000000001fdb4       0x10 ./Core/Src/IMU50.o
 .debug_macro   0x000000000001fdc4       0x1c ./Core/Src/IMU50.o
 .debug_macro   0x000000000001fde0       0x52 ./Core/Src/IMU50.o
 .debug_macro   0x000000000001fe32       0x22 ./Core/Src/IMU50.o
 .debug_macro   0x000000000001fe54       0x10 ./Core/Src/IMU50.o
 .debug_macro   0x000000000001fe64       0x52 ./Core/Src/IMU50.o
 .debug_macro   0x000000000001feb6       0xd5 ./Core/Src/IMU50.o
 .debug_macro   0x000000000001ff8b       0x1c ./Core/Src/IMU50.o
 .debug_macro   0x000000000001ffa7       0x3d ./Core/Src/IMU50.o
 .debug_macro   0x000000000001ffe4       0x16 ./Core/Src/IMU50.o
 .debug_macro   0x000000000001fffa      0x145 ./Core/Src/IMU50.o
 .debug_macro   0x000000000002013f       0x16 ./Core/Src/IMU50.o
 .debug_macro   0x0000000000020155       0x20 ./Core/Src/IMU50.o
 .debug_macro   0x0000000000020175       0x34 ./Core/Src/IMU50.o
 .debug_macro   0x00000000000201a9      0x394 ./Core/Src/main.o
 .debug_macro   0x000000000002053d      0x38e ./Core/Src/stm32f4xx_hal_msp.o
 .debug_macro   0x00000000000208cb      0x398 ./Core/Src/stm32f4xx_it.o
 .debug_macro   0x0000000000020c63      0x1e2 ./Core/Src/system_stm32f4xx.o
 .debug_macro   0x0000000000020e45      0x242 ./Drivers/STM32F4xx_HAL_Driver/Src/stm32f4xx_hal.o
 .debug_macro   0x0000000000021087      0x1e3 ./Drivers/STM32F4xx_HAL_Driver/Src/stm32f4xx_hal_adc.o
 .debug_macro   0x000000000002126a      0x1e2 ./Drivers/STM32F4xx_HAL_Driver/Src/stm32f4xx_hal_cortex.o
 .debug_macro   0x000000000002144c      0x1e8 ./Drivers/STM32F4xx_HAL_Driver/Src/stm32f4xx_hal_dma.o
 .debug_macro   0x0000000000021634      0x1e8 ./Drivers/STM32F4xx_HAL_Driver/Src/stm32f4xx_hal_gpio.o
 .debug_macro   0x000000000002181c      0x206 ./Drivers/STM32F4xx_HAL_Driver/Src/stm32f4xx_hal_rcc.o
 .debug_macro   0x0000000000021a22      0x1e3 ./Drivers/STM32F4xx_HAL_Driver/Src/stm32f4xx_hal_uart.o

.debug_line     0x0000000000000000     0xab07
 .debug_line    0x0000000000000000      0xa1c ./Core/Src/IMU50.o
 .debug_line    0x0000000000000a1c      0xadf ./Core/Src/main.o
 .debug_line    0x00000000000014fb      0xa02 ./Core/Src/stm32f4xx_hal_msp.o
 .debug_line    0x0000000000001efd      0xa22 ./Core/Src/stm32f4xx_it.o
 .debug_line    0x000000000000291f      0x74f ./Core/Src/system_stm32f4xx.o
 .debug_line    0x000000000000306e       0x88 ./Core/Startup/startup_stm32f407vgtx.o
 .debug_line    0x00000000000030f6      0x9b5 ./Drivers/STM32F4xx_HAL_Driver/Src/stm32f4xx_hal.o
 .debug_line    0x0000000000003aab     0x122b ./Drivers/STM32F4xx_HAL_Driver/Src/stm32f4xx_hal_adc.o
 .debug_line    0x0000000000004cd6      0xc64 ./Drivers/STM32F4xx_HAL_Driver/Src/stm32f4xx_hal_cortex.o
 .debug_line    0x000000000000593a      0xf19 ./Drivers/STM32F4xx_HAL_Driver/Src/stm32f4xx_hal_dma.o
 .debug_line    0x0000000000006853      0xb29 ./Drivers/STM32F4xx_HAL_Driver/Src/stm32f4xx_hal_gpio.o
 .debug_line    0x000000000000737c      0xd31 ./Drivers/STM32F4xx_HAL_Driver/Src/stm32f4xx_hal_rcc.o
 .debug_line    0x00000000000080ad     0x2a5a ./Drivers/STM32F4xx_HAL_Driver/Src/stm32f4xx_hal_uart.o

.debug_str      0x0000000000000000    0xcf269
 .debug_str     0x0000000000000000    0xccc63 ./Core/Src/IMU50.o
                                      0xccf44 (size before relaxing)
 .debug_str     0x00000000000ccc63      0xa6c ./Core/Src/main.o
                                      0xcd99b (size before relaxing)
 .debug_str     0x00000000000cd6cf      0x12d ./Core/Src/stm32f4xx_hal_msp.o
                                      0xcd79e (size before relaxing)
 .debug_str     0x00000000000cd7fc      0x144 ./Core/Src/stm32f4xx_it.o
                                      0xccfed (size before relaxing)
 .debug_str     0x00000000000cd940       0xdb ./Core/Src/system_stm32f4xx.o
                                      0xc8d12 (size before relaxing)
 .debug_str     0x00000000000cda1b       0x36 ./Core/Startup/startup_stm32f407vgtx.o
                                         0x61 (size before relaxing)
 .debug_str     0x00000000000cda51      0x60d ./Drivers/STM32F4xx_HAL_Driver/Src/stm32f4xx_hal.o
                                      0xc9896 (size before relaxing)
 .debug_str     0x00000000000ce05e      0x2d0 ./Drivers/STM32F4xx_HAL_Driver/Src/stm32f4xx_hal_adc.o
                                      0xc92ff (size before relaxing)
 .debug_str     0x00000000000ce32e      0x326 ./Drivers/STM32F4xx_HAL_Driver/Src/stm32f4xx_hal_cortex.o
                                      0xc95c9 (size before relaxing)
 .debug_str     0x00000000000ce654      0x2d5 ./Drivers/STM32F4xx_HAL_Driver/Src/stm32f4xx_hal_dma.o
                                      0xc912c (size before relaxing)
 .debug_str     0x00000000000ce929      0x15d ./Drivers/STM32F4xx_HAL_Driver/Src/stm32f4xx_hal_gpio.o
                                      0xc8e8d (size before relaxing)
 .debug_str     0x00000000000cea86      0x233 ./Drivers/STM32F4xx_HAL_Driver/Src/stm32f4xx_hal_rcc.o
                                      0xc9146 (size before relaxing)
 .debug_str     0x00000000000cecb9      0x5b0 ./Drivers/STM32F4xx_HAL_Driver/Src/stm32f4xx_hal_uart.o
                                      0xc96e5 (size before relaxing)

.comment        0x0000000000000000       0x50
 .comment       0x0000000000000000       0x50 ./Core/Src/IMU50.o
                                         0x51 (size before relaxing)
 .comment       0x0000000000000050       0x51 ./Core/Src/main.o
 .comment       0x0000000000000050       0x51 ./Core/Src/stm32f4xx_hal_msp.o
 .comment       0x0000000000000050       0x51 ./Core/Src/stm32f4xx_it.o
 .comment       0x0000000000000050       0x51 ./Core/Src/system_stm32f4xx.o
 .comment       0x0000000000000050       0x51 ./Drivers/STM32F4xx_HAL_Driver/Src/stm32f4xx_hal.o
 .comment       0x0000000000000050       0x51 ./Drivers/STM32F4xx_HAL_Driver/Src/stm32f4xx_hal_adc.o
 .comment       0x0000000000000050       0x51 ./Drivers/STM32F4xx_HAL_Driver/Src/stm32f4xx_hal_cortex.o
 .comment       0x0000000000000050       0x51 ./Drivers/STM32F4xx_HAL_Driver/Src/stm32f4xx_hal_dma.o
 .comment       0x0000000000000050       0x51 ./Drivers/STM32F4xx_HAL_Driver/Src/stm32f4xx_hal_gpio.o
 .comment       0x0000000000000050       0x51 ./Drivers/STM32F4xx_HAL_Driver/Src/stm32f4xx_hal_rcc.o
 .comment       0x0000000000000050       0x51 ./Drivers/STM32F4xx_HAL_Driver/Src/stm32f4xx_hal_uart.o

.debug_frame    0x0000000000000000     0x202c
 .debug_frame   0x0000000000000000       0x84 ./Core/Src/IMU50.o
 .debug_frame   0x0000000000000084      0x174 ./Core/Src/main.o
 .debug_frame   0x00000000000001f8       0xc8 ./Core/Src/stm32f4xx_hal_msp.o
 .debug_frame   0x00000000000002c0      0x17c ./Core/Src/stm32f4xx_it.o
 .debug_frame   0x000000000000043c       0x58 ./Core/Src/system_stm32f4xx.o
 .debug_frame   0x0000000000000494      0x374 ./Drivers/STM32F4xx_HAL_Driver/Src/stm32f4xx_hal.o
 .debug_frame   0x0000000000000808      0x3fc ./Drivers/STM32F4xx_HAL_Driver/Src/stm32f4xx_hal_adc.o
 .debug_frame   0x0000000000000c04      0x498 ./Drivers/STM32F4xx_HAL_Driver/Src/stm32f4xx_hal_cortex.o
 .debug_frame   0x000000000000109c      0x250 ./Drivers/STM32F4xx_HAL_Driver/Src/stm32f4xx_hal_dma.o
 .debug_frame   0x00000000000012ec      0x14c ./Drivers/STM32F4xx_HAL_Driver/Src/stm32f4xx_hal_gpio.o
 .debug_frame   0x0000000000001438      0x1f4 ./Drivers/STM32F4xx_HAL_Driver/Src/stm32f4xx_hal_rcc.o
 .debug_frame   0x000000000000162c      0x92c ./Drivers/STM32F4xx_HAL_Driver/Src/stm32f4xx_hal_uart.o
 .debug_frame   0x0000000000001f58       0x2c e:/st/stm32cubeide_1.4.0/stm32cubeide/plugins/com.st.stm32cube.ide.mcu.externaltools.gnu-tools-for-stm32.10.3-2021.10.win32_1.0.0.202111181127/tools/bin/../lib/gcc/arm-none-eabi/10.3.1/../../../../arm-none-eabi/lib/thumb/v7e-m+fp/hard\libc_nano.a(lib_a-init.o)
 .debug_frame   0x0000000000001f84       0x28 e:/st/stm32cubeide_1.4.0/stm32cubeide/plugins/com.st.stm32cube.ide.mcu.externaltools.gnu-tools-for-stm32.10.3-2021.10.win32_1.0.0.202111181127/tools/bin/../lib/gcc/arm-none-eabi/10.3.1/../../../../arm-none-eabi/lib/thumb/v7e-m+fp/hard\libc_nano.a(lib_a-memcpy-stub.o)
 .debug_frame   0x0000000000001fac       0x20 e:/st/stm32cubeide_1.4.0/stm32cubeide/plugins/com.st.stm32cube.ide.mcu.externaltools.gnu-tools-for-stm32.10.3-2021.10.win32_1.0.0.202111181127/tools/bin/../lib/gcc/arm-none-eabi/10.3.1/../../../../arm-none-eabi/lib/thumb/v7e-m+fp/hard\libc_nano.a(lib_a-memset.o)
 .debug_frame   0x0000000000001fcc       0x2c e:/st/stm32cubeide_1.4.0/stm32cubeide/plugins/com.st.stm32cube.ide.mcu.externaltools.gnu-tools-for-stm32.10.3-2021.10.win32_1.0.0.202111181127/tools/bin/../lib/gcc/arm-none-eabi/10.3.1/thumb/v7e-m+fp/hard\libgcc.a(_aeabi_uldivmod.o)
 .debug_frame   0x0000000000001ff8       0x34 e:/st/stm32cubeide_1.4.0/stm32cubeide/plugins/com.st.stm32cube.ide.mcu.externaltools.gnu-tools-for-stm32.10.3-2021.10.win32_1.0.0.202111181127/tools/bin/../lib/gcc/arm-none-eabi/10.3.1/thumb/v7e-m+fp/hard\libgcc.a(_udivmoddi4.o)
