../Core/Src/main.c:87:1:__io_putchar	16	static
../Core/Src/main.c:98:6:HAL_UARTEx_RxEventCallback	16	static
../Core/Src/main.c:114:6:UARTRXInit	8	static
../Core/Src/main.c:124:6:HAL_ADC_ConvCpltCallback	16	static
../Core/Src/main.c:137:5:main	24	static
../Core/Src/main.c:199:6:SystemClock_Config	88	static
../Core/Src/main.c:245:13:MX_ADC1_Init	24	static
../Core/Src/main.c:297:13:MX_TIM2_Init	32	static
../Core/Src/main.c:342:13:MX_USART2_UART_Init	8	static
../Core/Src/main.c:375:13:MX_USART6_UART_Init	8	static
../Core/Src/main.c:406:13:MX_DMA_Init	16	static
../Core/Src/main.c:431:13:MX_GPIO_Init	24	static
../Core/Src/main.c:449:6:Error_Handler	4	static,ignoring_inline_asm
