../Core/Src/main.c:73:6:HAL_UART_RxCpltCallback	16	static
../Core/Src/main.c:84:6:UARTRxComplete	16	static
../Core/Src/main.c:102:6:UARTRXInit	8	static
../Core/Src/main.c:113:5:main	8	static
../Core/Src/main.c:162:6:SystemClock_Config	88	static
../Core/Src/main.c:208:13:MX_ADC1_Init	24	static
../Core/Src/main.c:260:13:MX_USART1_UART_Init	8	static
../Core/Src/main.c:293:13:MX_USART2_UART_Init	8	static
../Core/Src/main.c:324:13:MX_DMA_Init	16	static
../Core/Src/main.c:346:13:MX_GPIO_Init	16	static
../Core/Src/main.c:363:6:Error_Handler	4	static,ignoring_inline_asm
